 PhysXCooking_64

 Timestamp is 5c3cbfa8 (Tue Jan 15 01:58:16 2019)

 Preferred load address is 0000000180000000

 Start         Length     Name                   Class
 0001:00000000 00000640H .text$di                CODE
 0001:00000640 0002d380H .text$mn                CODE
 0001:0002d9c0 00000012H .text$mn$00             CODE
 0001:0002d9d2 00000081H .text$x                 CODE
 0002:00000000 000001b8H .idata$5                DATA
 0002:000001b8 00000010H .00cfg                  DATA
 0002:000001c8 00000008H .CRT$XCA                DATA
 0002:000001d0 000001e0H .CRT$XCU                DATA
 0002:000003b0 00000008H .CRT$XCZ                DATA
 0002:000003b8 00000008H .CRT$XIA                DATA
 0002:000003c0 00000008H .CRT$XIZ                DATA
 0002:000003c8 00000008H .CRT$XPA                DATA
 0002:000003d0 00000008H .CRT$XPZ                DATA
 0002:000003d8 00000008H .CRT$XTA                DATA
 0002:000003e0 00000010H .CRT$XTZ                DATA
 0002:000003e8 00000000H .gfids$y                DATA
 0002:000003f0 00001fc8H .rdata                  DATA
 0002:000023b8 00000074H .rdata$r                DATA
 0002:0000242c 00000394H .rdata$zzzdbg           DATA
 0002:000027c0 00000008H .rtc$IAA                DATA
 0002:000027c8 00000008H .rtc$IZZ                DATA
 0002:000027d0 00000008H .rtc$TAA                DATA
 0002:000027d8 00000008H .rtc$TZZ                DATA
 0002:000027e0 000038a0H .xdata                  DATA
 0002:00006080 00000040H .didat$2                DATA
 0002:000060c0 00000020H .didat$3                DATA
 0002:000060e0 000001e8H .didat$4                DATA
 0002:000062c8 00000bf8H .didat$6                DATA
 0002:00006ec0 000001f0H .didat$7                DATA
 0002:000070b0 00001cdcH .edata                  DATA
 0002:00008d8c 00000078H .idata$2                DATA
 0002:00008e04 00000014H .idata$3                DATA
 0002:00008e18 000001b8H .idata$4                DATA
 0002:00008fd0 00000442H .idata$6                DATA
 0003:00000000 00000060H .data                   DATA
 0003:00000060 00000650H .data$r                 DATA
 0003:000006b0 000001f0H .didat$5                DATA
 0003:000008a0 00000490H .bss                    DATA
 0004:00000000 00002220H .pdata                  DATA
 0005:00000000 000006e0H _RDATA                  DATA
 0006:00000000 000000a0H .rsrc$01                DATA
 0006:000000a0 000004b0H .rsrc$02                DATA

  Address         Publics by Value              Rva+Base               Lib:Object

 0000:00000000       __hybrid_code_map          0000000000000000     <absolute>
 0000:00000000       __guard_fids_table         0000000000000000     <absolute>
 0000:00000000       __guard_longjmp_table      0000000000000000     <absolute>
 0000:00000000       __volatile_metadata        0000000000000000     <absolute>
 0000:00000000       __hybrid_code_map_count    0000000000000000     <absolute>
 0000:00000000       __enclave_config           0000000000000000     <absolute>
 0000:00000000       __dynamic_value_reloc_table 0000000000000000     <absolute>
 0000:00000000       __guard_iat_table          0000000000000000     <absolute>
 0000:00000000       __guard_longjmp_count      0000000000000000     <absolute>
 0000:00000000       __guard_fids_count         0000000000000000     <absolute>
 0000:00000000       ___safe_se_handler_count   0000000000000000     <absolute>
 0000:00000000       __guard_iat_count          0000000000000000     <absolute>
 0000:00000000       ___safe_se_handler_table   0000000000000000     <absolute>
 0000:00000000       __hybrid_auxiliary_iat     0000000000000000     <absolute>
 0000:00000100       __guard_flags              0000000000000100     <absolute>
 0000:00000000       __ImageBase                0000000180000000     <linker-defined>
 0001:00000640       ?ComputeNbBoundaryEdges@AdjTriangle@physx@@QEBAIXZ 0000000180001640 f   Adjacencies.obj
 0001:00000690       ?ComputeNbNeighbors@AdjTriangle@physx@@QEBAIXZ 0000000180001690 f   Adjacencies.obj
 0001:000006e0       ?HasNeighbor@AdjTriangle@physx@@QEBA_NIPEAI@Z 00000001800016e0 f   Adjacencies.obj
 0001:00000750       ?Flip@AdjTriangle@physx@@QEAAXXZ 0000000180001750 f   Adjacencies.obj
 0001:00000770       ??0Adjacencies@physx@@QEAA@XZ 0000000180001770 f   Adjacencies.obj
 0001:00000790       ??1Adjacencies@physx@@QEAA@XZ 0000000180001790 f   Adjacencies.obj
 0001:00000800       ?Load@Adjacencies@physx@@QEAA_NAEAVPxInputStream@2@@Z 0000000180001800 f   Adjacencies.obj
 0001:000008e0       ?ComputeNbBoundaryEdges@Adjacencies@physx@@QEBAIXZ 00000001800018e0 f   Adjacencies.obj
 0001:00000960       ?GetBoundaryVertices@Adjacencies@physx@@QEBA_NIPEA_NPEBU?$TriangleT@I@Gu@2@@Z 0000000180001960 f   Adjacencies.obj
 0001:00000ac0       ?MakeLastRef@Adjacencies@physx@@QEAA_NAEAVAdjTriangle@2@IPEAU?$TriangleT@I@Gu@2@@Z 0000000180001ac0 f   Adjacencies.obj
 0001:00000d10       ?AssignNewEdgeCode@Adjacencies@physx@@AEAAXIE@Z 0000000180001d10 f   Adjacencies.obj
 0001:00000d60       ??0AdjacenciesBuilder@physx@@QEAA@XZ 0000000180001d60 f   Adjacencies.obj
 0001:00000d80       ??1AdjacenciesBuilder@physx@@QEAA@XZ 0000000180001d80 f   Adjacencies.obj
 0001:00000d90       ?Init@AdjacenciesBuilder@physx@@QEAA_NAEBUADJACENCIESCREATE@2@@Z 0000000180001d90 f   Adjacencies.obj
 0001:00001110       ??$?_UV?$ReflectionAllocator@VAdjTriangle@physx@@@shdfnd@physx@@@UserAllocated@shdfnd@physx@@SAPEAX_KV?$ReflectionAllocator@VAdjTriangle@physx@@@12@PEBDH@Z 0000000180002110 f i Adjacencies.obj
 0001:000011b0       ??0AdjEdge@@QEAA@XZ        00000001800021b0 f i Adjacencies.obj
 0001:000011c0       ??0AdjTriangle@physx@@QEAA@XZ 00000001800021c0 f i Adjacencies.obj
 0001:000011d0       ??0Allocator@shdfnd@physx@@QEAA@PEBD@Z 00000001800021d0 f i Adjacencies.obj
 0001:000011e0       ??0PxFoundation@physx@@QEAA@AEBV01@@Z 00000001800021e0 f i Adjacencies.obj
 0001:000011f0       ??0PxFoundation@physx@@QEAA@XZ 00000001800021f0 f i Adjacencies.obj
 0001:00001200       ??1AdjEdge@@QEAA@XZ        0000000180002200 f i Adjacencies.obj
 0001:00001210       ??1AdjTriangle@physx@@QEAA@XZ 0000000180002210 f i Adjacencies.obj
 0001:00001220       ??1PxFoundation@physx@@MEAA@XZ 0000000180002220 f i Adjacencies.obj
 0001:00001230       ??4Allocator@shdfnd@physx@@QEAAAEAV012@$$QEAV012@@Z 0000000180002230 f i Adjacencies.obj
 0001:00001240       ??4Allocator@shdfnd@physx@@QEAAAEAV012@AEBV012@@Z 0000000180002240 f i Adjacencies.obj
 0001:00001250       ??4MutexImpl@shdfnd@physx@@QEAAAEAV012@AEBV012@@Z 0000000180002250 f i Adjacencies.obj
 0001:00001260       ??4PxFoundation@physx@@QEAAAEAV01@AEBV01@@Z 0000000180002260 f i Adjacencies.obj
 0001:00001270       ??_EAdjEdge@@QEAAPEAXI@Z   0000000180002270 f i Adjacencies.obj
 0001:000012f0       ??_EAdjTriangle@physx@@QEAAPEAXI@Z 00000001800022f0 f i Adjacencies.obj
 0001:00001370       ??_EPxFoundation@physx@@MEAAPEAXI@Z 0000000180002370 f i Adjacencies.obj
 0001:00001400       ??_FAllocator@shdfnd@physx@@QEAAXXZ 0000000180002400 f i Adjacencies.obj
 0001:00001410       ??_GPxFoundation@physx@@MEAAPEAXI@Z 0000000180002410 f i Adjacencies.obj
 0001:00001440       ??_H@YAXPEAX_K1P6APEAX0@Z@Z 0000000180002440 f i Adjacencies.obj
 0001:00001490       ??_I@YAXPEAX_K1P6AX0@Z@Z   0000000180002490 f i Adjacencies.obj
 0001:00001750       ?GetNbHits@RadixSort@Cm@physx@@QEBAIXZ 0000000180002750 f i Adjacencies.obj
 0001:00001760       ?GetNbTotalCalls@RadixSort@Cm@physx@@QEBAIXZ 0000000180002760 f i Adjacencies.obj
 0001:00001770       ?GetRanks@RadixSort@Cm@physx@@QEBAPEBIXZ 0000000180002770 f i Adjacencies.obj
 0001:00001780       ?GetRecyclable@RadixSort@Cm@physx@@QEBAPEAIXZ 0000000180002780 f i Adjacencies.obj
 0001:000019d0       ?__empty_global_delete@@YAXPEAX@Z 00000001800029d0 f i Adjacencies.obj
 0001:000019e0       ?__empty_global_delete@@YAXPEAX_K@Z 00000001800029e0 f i Adjacencies.obj
 0001:000019f0       ?getAllocator@Foundation@shdfnd@physx@@QEAAAEAVPxAllocatorCallback@3@XZ 00000001800029f0 f i Adjacencies.obj
 0001:00001a00       ?getAllocatorCallback@Foundation@shdfnd@physx@@UEAAAEAVPxAllocatorCallback@3@XZ 0000000180002a00 f i Adjacencies.obj
 0001:00001a10       ?getErrorCallback@Foundation@shdfnd@physx@@UEAAAEAVPxErrorCallback@3@XZ 0000000180002a10 f i Adjacencies.obj
 0001:00001a20       ?getErrorLevel@Foundation@shdfnd@physx@@UEBA?AW4Enum@PxErrorCode@3@XZ 0000000180002a20 f i Adjacencies.obj
 0001:00001a30       ?getInternalErrorCallback@Foundation@shdfnd@physx@@QEAAAEAVPxErrorCallback@3@XZ 0000000180002a30 f i Adjacencies.obj
 0001:00001a40       ?getNamedAllocMap@Foundation@shdfnd@physx@@QEAAAEAV?$HashMap@PEBVNamedAllocator@shdfnd@physx@@PEBDU?$Hash@PEBVNamedAllocator@shdfnd@physx@@@23@VNonTrackingAllocator@23@@23@XZ 0000000180002a40 f i Adjacencies.obj
 0001:00001a50       ?getNamedAllocMutex@Foundation@shdfnd@physx@@QEAAAEAV?$MutexT@VAllocator@shdfnd@physx@@@23@XZ 0000000180002a50 f i Adjacencies.obj
 0001:00001a60       ?getReportAllocationNames@Foundation@shdfnd@physx@@UEBA_NXZ 0000000180002a60 f i Adjacencies.obj
 0001:00001a70       ?getTempAllocFreeTable@Foundation@shdfnd@physx@@QEAAAEAV?$Array@PEATTempAllocatorChunk@shdfnd@physx@@VAllocator@23@@23@XZ 0000000180002a70 f i Adjacencies.obj
 0001:00001a80       ?getTempAllocMutex@Foundation@shdfnd@physx@@QEAAAEAV?$MutexT@VAllocator@shdfnd@physx@@@23@XZ 0000000180002a80 f i Adjacencies.obj
 0001:00001a90       ?invalidateRanks@RadixSort@Cm@physx@@QEAAXXZ 0000000180002a90 f i Adjacencies.obj
 0001:00001aa0       ?setErrorLevel@Foundation@shdfnd@physx@@UEAAXW4Enum@PxErrorCode@3@@Z 0000000180002aa0 f i Adjacencies.obj
 0001:00001ab0       ?setReportAllocationNames@Foundation@shdfnd@physx@@UEAAX_N@Z 0000000180002ab0 f i Adjacencies.obj
 0001:00001ac0       PxCreateCooking            0000000180002ac0 f   Cooking.obj
 0001:00001bb0       ?release@Cooking@physx@@UEAAXXZ 0000000180002bb0 f   Cooking.obj
 0001:00001be0       ?setParams@Cooking@physx@@UEAAXAEBUPxCookingParams@2@@Z 0000000180002be0 f   Cooking.obj
 0001:00001c40       ?getParams@Cooking@physx@@UEBAAEBUPxCookingParams@2@XZ 0000000180002c40 f   Cooking.obj
 0001:00001c50       ?platformMismatch@Cooking@physx@@UEBA_NXZ 0000000180002c50 f   Cooking.obj
 0001:00001c60       ?cookTriangleMesh@Cooking@physx@@UEBA_NAEBVPxTriangleMeshDesc@2@AEAVPxOutputStream@2@PEAW4Enum@PxTriangleMeshCookingResult@2@@Z 0000000180002c60 f   Cooking.obj
 0001:00001da0       ?createTriangleMesh@Cooking@physx@@UEBAPEAVPxTriangleMesh@2@AEBVPxTriangleMeshDesc@2@AEAVPxPhysicsInsertionCallback@2@PEAW4Enum@PxTriangleMeshCookingResult@2@@Z 0000000180002da0 f   Cooking.obj
 0001:00001f00       ?validateTriangleMesh@Cooking@physx@@UEBA_NAEBVPxTriangleMeshDesc@2@@Z 0000000180002f00 f   Cooking.obj
 0001:00002010       ?cookConvexMesh@Cooking@physx@@UEBA_NAEBVPxConvexMeshDesc@2@AEAVPxOutputStream@2@PEAW4Enum@PxConvexMeshCookingResult@2@@Z 0000000180003010 f   Cooking.obj
 0001:00002200       ?createConvexMesh@Cooking@physx@@UEBAPEAVPxConvexMesh@2@AEBVPxConvexMeshDesc@2@AEAVPxPhysicsInsertionCallback@2@PEAW4Enum@PxConvexMeshCookingResult@2@@Z 0000000180003200 f   Cooking.obj
 0001:00002490       ?validateConvexMesh@Cooking@physx@@UEBA_NAEBVPxConvexMeshDesc@2@@Z 0000000180003490 f   Cooking.obj
 0001:00002500       ?computeHullPolygons@Cooking@physx@@UEBA_NAEBVPxSimpleTriangleMesh@2@AEAVPxAllocatorCallback@2@AEAIAEAPEAVPxVec3@2@2AEAPEAI2AEAPEAUPxHullPolygon@2@@Z 0000000180003500 f   Cooking.obj
 0001:000026e0       ?cookHeightField@Cooking@physx@@UEBA_NAEBVPxHeightFieldDesc@2@AEAVPxOutputStream@2@@Z 00000001800036e0 f   Cooking.obj
 0001:000027c0       ?createHeightField@Cooking@physx@@UEBAPEAVPxHeightField@2@AEBVPxHeightFieldDesc@2@AEAVPxPhysicsInsertionCallback@2@@Z 00000001800037c0 f   Cooking.obj
 0001:00002920       ?cookBVHStructure@Cooking@physx@@UEBA_NAEBVPxBVHStructureDesc@2@AEAVPxOutputStream@2@@Z 0000000180003920 f   Cooking.obj
 0001:000029d0       ?createBVHStructure@Cooking@physx@@UEBAPEAVPxBVHStructure@2@AEBVPxBVHStructureDesc@2@AEAVPxPhysicsInsertionCallback@2@@Z 00000001800039d0 f   Cooking.obj
 0001:00002a80       ?cookConvexMeshInternal@Cooking@physx@@AEBA_NAEBVPxConvexMeshDesc@2@AEAVConvexMeshBuilder@2@PEAVConvexHullLib@2@PEAW4Enum@PxConvexMeshCookingResult@2@@Z 0000000180003a80 f   Cooking.obj
 0001:00002d30       ?cookTriangleMesh@Cooking@physx@@AEBA_NAEAVTriangleMeshBuilder@2@AEBVPxTriangleMeshDesc@2@AEAVPxOutputStream@2@PEAW4Enum@PxTriangleMeshCookingResult@2@@Z 0000000180003d30 f   Cooking.obj
 0001:00002dd0       ?createTriangleMesh@Cooking@physx@@AEBAPEAVPxTriangleMesh@2@AEAVTriangleMeshBuilder@2@AEBVPxTriangleMeshDesc@2@AEAVPxPhysicsInsertionCallback@2@PEAW4Enum@PxTriangleMeshCookingResult@2@@Z 0000000180003dd0 f   Cooking.obj
 0001:00002e80       ??0ConvexMesh@Gu@physx@@QEAA@V?$PxFlags@W4Enum@PxBaseFlag@physx@@G@2@@Z 0000000180003e80 f i Cooking.obj
 0001:00002ed0       ??0DebugText@Cm@physx@@QEAA@$$QEAU012@@Z 0000000180003ed0 f i Cooking.obj
 0001:00002fb0       ??0DebugText@Cm@physx@@QEAA@AEBU012@@Z 0000000180003fb0 f i Cooking.obj
 0001:00003090       ??0HeightFieldData@Gu@physx@@QEAA@$$QEAU012@@Z 0000000180004090 f i Cooking.obj
 0001:000030f0       ??0HeightFieldData@Gu@physx@@QEAA@AEBU012@@Z 00000001800040f0 f i Cooking.obj
 0001:00003150       ??0HeightFieldData@Gu@physx@@QEAA@W4PxEMPTY@2@@Z 0000000180004150 f i Cooking.obj
 0001:00003160       ??0HeightFieldData@Gu@physx@@QEAA@XZ 0000000180004160 f i Cooking.obj
 0001:00003170       ??0RenderOutput@Cm@physx@@QEAA@AEAVRenderBuffer@12@@Z 0000000180004170 f i Cooking.obj
 0001:000031c0       ??0RenderOutput@Cm@physx@@QEAA@AEBV012@@Z 00000001800041c0 f i Cooking.obj
 0001:00003260       ??1HeightFieldData@Gu@physx@@QEAA@XZ 0000000180004260 f i Cooking.obj
 0001:00003270       ??1PxBase@physx@@MEAA@XZ   0000000180004270 f i Cooking.obj
 0001:00003280       ??1PxConvexMesh@physx@@MEAA@XZ 0000000180004280 f i Cooking.obj
 0001:00003290       ??1PxCooking@physx@@MEAA@XZ 0000000180004290 f i Cooking.obj
 0001:000032a0       ??1PxHeightField@physx@@MEAA@XZ 00000001800042a0 f i Cooking.obj
 0001:000032b0       ??1RefCountable@Cm@physx@@UEAA@XZ 00000001800042b0 f i Cooking.obj
 0001:000032c0       ??4DebugText@Cm@physx@@QEAAAEAU012@$$QEAU012@@Z 00000001800042c0 f i Cooking.obj
 0001:00003330       ??4DebugText@Cm@physx@@QEAAAEAU012@AEBU012@@Z 0000000180004330 f i Cooking.obj
 0001:000033a0       ??4FPUGuard@shdfnd@physx@@QEAAAEAV012@AEBV012@@Z 00000001800043a0 f i Cooking.obj
 0001:000033c0       ??4HeightFieldData@Gu@physx@@QEAAAEAU012@$$QEAU012@@Z 00000001800043c0 f i Cooking.obj
 0001:00003420       ??4HeightFieldData@Gu@physx@@QEAAAEAU012@AEBU012@@Z 0000000180004420 f i Cooking.obj
 0001:00003480       ??_EConvexMesh@Gu@physx@@UEAAPEAXI@Z 0000000180004480 f i Cooking.obj
 0001:0000358c       ??_EConvexMesh@Gu@physx@@WBA@EAAPEAXI@Z 000000018000458c f i Cooking.obj
 0001:000035a0       ??_EPxConvexMesh@physx@@MEAAPEAXI@Z 00000001800045a0 f i Cooking.obj
 0001:00003630       ??_ECooking@physx@@UEAAPEAXI@Z 0000000180004630 f i Cooking.obj
 0001:00003630       ??_GCooking@physx@@UEAAPEAXI@Z 0000000180004630 f i Cooking.obj
 0001:00003680       ??_GPxBase@physx@@MEAAPEAXI@Z 0000000180004680 f i Cooking.obj
 0001:00003680       ??_EPxBase@physx@@MEAAPEAXI@Z 0000000180004680 f i Cooking.obj
 0001:000036b0       ??_GPxCooking@physx@@MEAAPEAXI@Z 00000001800046b0 f i Cooking.obj
 0001:000036b0       ??_EPxCooking@physx@@MEAAPEAXI@Z 00000001800046b0 f i Cooking.obj
 0001:000036e0       ??_ERefCountable@Cm@physx@@UEAAPEAXI@Z 00000001800046e0 f i Cooking.obj
 0001:000036e0       ??_GRefCountable@Cm@physx@@UEAAPEAXI@Z 00000001800046e0 f i Cooking.obj
 0001:00003710       ?allocate@?$Array@UPxDebugLine@physx@@V?$ReflectionAllocator@UPxDebugLine@physx@@@shdfnd@2@@shdfnd@physx@@IEAAPEAUPxDebugLine@3@I@Z 0000000180004710 f i Cooking.obj
 0001:000037b0       ?copy@?$Array@UPxDebugLine@physx@@V?$ReflectionAllocator@UPxDebugLine@physx@@@shdfnd@2@@shdfnd@physx@@KAXPEAUPxDebugLine@3@0PEBU43@@Z 00000001800047b0 f i Cooking.obj
 0001:00003960       ?getConcreteTypeName@PxConvexMesh@physx@@UEBAPEBDXZ 0000000180004960 f i Cooking.obj
 0001:00003970       ?getConcreteTypeName@PxHeightField@physx@@UEBAPEBDXZ 0000000180004970 f i Cooking.obj
 0001:00003980       ?getConvexEdgeThreshold@HeightField@Gu@physx@@UEBAMXZ 0000000180004980 f i Cooking.obj
 0001:00003990       ?getFlags@HeightField@Gu@physx@@UEBA?AV?$PxFlags@W4Enum@PxHeightFieldFlag@physx@@G@3@XZ 0000000180004990 f i Cooking.obj
 0001:000039a0       ?getFormat@HeightField@Gu@physx@@UEBA?AW4Enum@PxHeightFieldFormat@3@XZ 00000001800049a0 f i Cooking.obj
 0001:000039b0       ?getHeight@HeightField@Gu@physx@@UEBAMMM@Z 00000001800049b0 f i Cooking.obj
 0001:000039f0       ?getHeightInternal2@HeightField@Gu@physx@@QEBAMIMM@Z 00000001800049f0 f i Cooking.obj
 0001:00003b60       ?getIndexBuffer@ConvexMesh@Gu@physx@@UEBAPEBEXZ 0000000180004b60 f i Cooking.obj
 0001:00003ba0       ?getNbColumns@HeightField@Gu@physx@@UEBAIXZ 0000000180004ba0 f i Cooking.obj
 0001:00003bb0       ?getNbPolygons@ConvexMesh@Gu@physx@@UEBAIXZ 0000000180004bb0 f i Cooking.obj
 0001:00003bc0       ?getNbRows@HeightField@Gu@physx@@UEBAIXZ 0000000180004bc0 f i Cooking.obj
 0001:00003bd0       ?getNbVertices@ConvexMesh@Gu@physx@@UEBAIXZ 0000000180004bd0 f i Cooking.obj
 0001:00003be0       ?getPaddedBounds@HeightFieldData@Gu@physx@@QEBAAEBVCenterExtentsPadded@23@XZ 0000000180004be0 f i Cooking.obj
 0001:00003bf0       ?getSample@HeightField@Gu@physx@@UEBAAEBUPxHeightFieldSample@3@II@Z 0000000180004bf0 f i Cooking.obj
 0001:00003c00       ?getSampleStride@HeightField@Gu@physx@@UEBAIXZ 0000000180004c00 f i Cooking.obj
 0001:00003c10       ?getTimestamp@HeightField@Gu@physx@@UEBAIXZ 0000000180004c10 f i Cooking.obj
 0001:00003c20       ?getTriangleMaterialIndex@HeightField@Gu@physx@@UEBAGI@Z 0000000180004c20 f i Cooking.obj
 0001:00003c50       ?getTriangleNormal@HeightField@Gu@physx@@UEBA?AVPxVec3@3@I@Z 0000000180004c50 f i Cooking.obj
 0001:00003d50       ?getVertices@ConvexMesh@Gu@physx@@UEBAPEBVPxVec3@3@XZ 0000000180004d50 f i Cooking.obj
 0001:00003d70       ?isKindOf@PxBase@physx@@MEBA_NPEBD@Z 0000000180004d70 f i Cooking.obj
 0001:00003da0       ?isKindOf@PxConvexMesh@physx@@MEBA_NPEBD@Z 0000000180004da0 f i Cooking.obj
 0001:00003df0       ?isKindOf@PxHeightField@physx@@MEBA_NPEBD@Z 0000000180004df0 f i Cooking.obj
 0001:00003e40       ?isReleasable@PxBase@physx@@UEBA_NXZ 0000000180004e40 f i Cooking.obj
 0001:00003e50       ?onRefCountZero@RefCountable@Cm@physx@@UEAAXXZ 0000000180004e50 f i Cooking.obj
 0001:00003e70       ?outputSegment@RenderOutput@Cm@physx@@QEAAXAEBVPxVec3@3@0@Z 0000000180004e70 f i Cooking.obj
 0001:00003f30       ?recreate@?$Array@UPxDebugLine@physx@@V?$ReflectionAllocator@UPxDebugLine@physx@@@shdfnd@2@@shdfnd@physx@@IEAAXI@Z 0000000180004f30 f i Cooking.obj
 0001:00003fb0       ?requiresObjects@ConvexMesh@Gu@physx@@UEAAXAEAVPxProcessPxBaseCallback@3@@Z 0000000180004fb0 f i Cooking.obj
 0001:00003fc0       ?reserveSegments@RenderOutput@Cm@physx@@QEAAPEAUPxDebugLine@3@I@Z 0000000180004fc0 f i Cooking.obj
 0001:00004030       ??0ReducedVertexCloud@physx@@QEAA@PEBVPxVec3@1@I@Z 0000000180005030 f   CookingUtils.obj
 0001:00004050       ??1ReducedVertexCloud@physx@@QEAA@XZ 0000000180005050 f   CookingUtils.obj
 0001:00004060       ?Clean@ReducedVertexCloud@physx@@QEAAAEAV12@XZ 0000000180005060 f   CookingUtils.obj
 0001:000040d0       ?Reduce@ReducedVertexCloud@physx@@QEAA_NPEAUREDUCEDCLOUD@2@@Z 00000001800050d0 f   CookingUtils.obj
 0001:000043f0       ??0EdgeList@Gu@physx@@QEAA@XZ 00000001800053f0 f   EdgeList.obj
 0001:00004410       ??1EdgeList@Gu@physx@@QEAA@XZ 0000000180005410 f   EdgeList.obj
 0001:000044c0       ?load@EdgeList@Gu@physx@@QEAA_NAEAVPxInputStream@3@@Z 00000001800054c0 f   EdgeList.obj
 0001:000046b0       ??0EdgeListBuilder@Gu@physx@@QEAA@XZ 00000001800056b0 f   EdgeList.obj
 0001:000046d0       ??1EdgeListBuilder@Gu@physx@@QEAA@XZ 00000001800056d0 f   EdgeList.obj
 0001:000046e0       ?init@EdgeListBuilder@Gu@physx@@QEAA_NAEBUEDGELISTCREATE@23@@Z 00000001800056e0 f   EdgeList.obj
 0001:00004820       ?createFacesToEdges@EdgeListBuilder@Gu@physx@@AEAA_NIPEBIPEBG@Z 0000000180005820 f   EdgeList.obj
 0001:00004c80       ?createEdgesToFaces@EdgeListBuilder@Gu@physx@@AEAA_NIPEBIPEBG@Z 0000000180005c80 f   EdgeList.obj
 0001:00004ee0       ?computeActiveEdges@EdgeListBuilder@Gu@physx@@AEAA_NIPEBIPEBGPEBVPxVec3@3@M@Z 0000000180005ee0 f   EdgeList.obj
 0001:00006420       ??$?_UI@@YAPEAX_KV?$ReflectionAllocator@I@shdfnd@physx@@PEBDH@Z 0000000180007420 f i EdgeList.obj
 0001:000064c0       ??0PxVec3@physx@@QEAA@XZ   00000001800074c0 f i EdgeList.obj
 0001:00006520       ??0MeshCleaner@physx@@QEAA@IPEBVPxVec3@1@IPEBIM@Z 0000000180007520 f   MeshCleaner.obj
 0001:00006eb0       ??1MeshCleaner@physx@@QEAA@XZ 0000000180007eb0 f   MeshCleaner.obj
 0001:00006f40       ?createQuantizer@physx@@YAPEAVQuantizer@1@XZ 0000000180007f40 f   Quantizer.obj
 0001:00006ff0       ?kmeans_cluster3d@@YAIPEBVPxVec3@physx@@IIPEAV12@PEAIMM@Z 0000000180007ff0 f   Quantizer.obj
 0001:00007000       ??$kmeans_cluster@VPxVec3@physx@@M@@YAIPEBVPxVec3@physx@@IIPEAV01@PEAIMM@Z 0000000180008000 f i Quantizer.obj
 0001:000078e0       ??1Quantizer@physx@@MEAA@XZ 00000001800088e0 f i Quantizer.obj
 0001:000078f0       ??1QuantizerImpl@@EEAA@XZ  00000001800088f0 f i Quantizer.obj
 0001:00007970       ??_GQuantizer@physx@@MEAAPEAXI@Z 0000000180008970 f i Quantizer.obj
 0001:00007970       ??_EQuantizer@physx@@MEAAPEAXI@Z 0000000180008970 f i Quantizer.obj
 0001:000079a0       ??_EQuantizerImpl@@EEAAPEAXI@Z 00000001800089a0 f i Quantizer.obj
 0001:000079a0       ??_GQuantizerImpl@@EEAAPEAXI@Z 00000001800089a0 f i Quantizer.obj
 0001:00007a70       ?getDenormalizeCenter@QuantizerImpl@@UEBAAEBVPxVec3@physx@@XZ 0000000180008a70 f i Quantizer.obj
 0001:00007a80       ?getDenormalizeScale@QuantizerImpl@@UEBAAEBVPxVec3@physx@@XZ 0000000180008a80 f i Quantizer.obj
 0001:00007a90       ?growAndPushBack@?$Array@VPxVec3@physx@@V?$ReflectionAllocator@VPxVec3@physx@@@shdfnd@2@@shdfnd@physx@@IEAAAEAVPxVec3@3@AEBV43@@Z 0000000180008a90 f i Quantizer.obj
 0001:00007c70       ?kmeansQuantize3D@QuantizerImpl@@UEAAPEBVPxVec3@physx@@IPEBV23@I_NIAEAI@Z 0000000180008c70 f i Quantizer.obj
 0001:00007ed0       ?normalizeInput@QuantizerImpl@@AEAAXIPEBVPxVec3@physx@@I@Z 0000000180008ed0 f i Quantizer.obj
 0001:00008310       ?release@QuantizerImpl@@UEAAXXZ 0000000180009310 f i Quantizer.obj
 0001:00008330       ??0BVHStructureBuilder@physx@@QEAA@XZ 0000000180009330 f   BVHStructureBuilder.obj
 0001:00008350       ??1BVHStructureBuilder@physx@@QEAA@XZ 0000000180009350 f   BVHStructureBuilder.obj
 0001:000083e0       ?loadFromDesc@BVHStructureBuilder@physx@@QEAA_NAEBVPxBVHStructureDesc@2@@Z 00000001800093e0 f   BVHStructureBuilder.obj
 0001:00008780       ?save@BVHStructureBuilder@physx@@QEBA_NAEAVPxOutputStream@2@_N@Z 0000000180009780 f   BVHStructureBuilder.obj
 0001:00008910       ?moveData@BVHStructureBuilder@physx@@QEAAXAEAUBVHStructureData@Gu@2@@Z 0000000180009910 f   BVHStructureBuilder.obj
 0001:00008950       ?flatten@@YAXAEBVNodeAllocator@Gu@physx@@PEAUBVHNode@23@@Z 0000000180009950 f   BVHStructureBuilder.obj
 0001:00008b00       ??$copy@V?$ReflectionAllocator@USlab@NodeAllocator@Gu@physx@@@shdfnd@physx@@@?$Array@USlab@NodeAllocator@Gu@physx@@V?$ReflectionAllocator@USlab@NodeAllocator@Gu@physx@@@shdfnd@4@@shdfnd@physx@@IEAAXAEBV012@@Z 0000000180009b00 f i BVHStructureBuilder.obj
 0001:00008b80       ??0AABBTreeBuildNode@Gu@physx@@QEAA@AEBV012@@Z 0000000180009b80 f i BVHStructureBuilder.obj
 0001:00008bc0       ??0AABBTreeBuildNode@Gu@physx@@QEAA@XZ 0000000180009bc0 f i BVHStructureBuilder.obj
 0001:00008bd0       ??0AABBTreeBuildParams@Gu@physx@@QEAA@IIPEBVPxBounds3@2@@Z 0000000180009bd0 f i BVHStructureBuilder.obj
 0001:00008bf0       ??0BuildStats@Gu@physx@@QEAA@XZ 0000000180009bf0 f i BVHStructureBuilder.obj
 0001:00008c00       ??0NodeAllocator@Gu@physx@@QEAA@AEBV012@@Z 0000000180009c00 f i BVHStructureBuilder.obj
 0001:00008c40       ??1AABBTreeBuildNode@Gu@physx@@QEAA@XZ 0000000180009c40 f i BVHStructureBuilder.obj
 0001:00008c50       ??1AABBTreeBuildParams@Gu@physx@@QEAA@XZ 0000000180009c50 f i BVHStructureBuilder.obj
 0001:00008cb0       ??4AABBTreeBuildNode@Gu@physx@@QEAAAEAV012@AEBV012@@Z 0000000180009cb0 f i BVHStructureBuilder.obj
 0001:00008cf0       ??4AABBTreeBuildParams@Gu@physx@@QEAAAEAV012@AEBV012@@Z 0000000180009cf0 f i BVHStructureBuilder.obj
 0001:00008d10       ??4BuildStats@Gu@physx@@QEAAAEAU012@$$QEAU012@@Z 0000000180009d10 f i BVHStructureBuilder.obj
 0001:00008d20       ??4BuildStats@Gu@physx@@QEAAAEAU012@AEBU012@@Z 0000000180009d20 f i BVHStructureBuilder.obj
 0001:00008d30       ??4NodeAllocator@Gu@physx@@QEAAAEAV012@AEBV012@@Z 0000000180009d30 f i BVHStructureBuilder.obj
 0001:00008de0       ??_FAABBTreeBuildParams@Gu@physx@@QEAAXXZ 0000000180009de0 f i BVHStructureBuilder.obj
 0001:00008e00       ?__global_array_delete@@YAXPEAX@Z 0000000180009e00 f i BVHStructureBuilder.obj
 0001:00008e10       ?__global_array_delete@@YAXPEAX_K@Z 0000000180009e10 f i BVHStructureBuilder.obj
 0001:00008e20       ?__global_delete@@YAXPEAX@Z 0000000180009e20 f i BVHStructureBuilder.obj
 0001:00008e30       ?__global_delete@@YAXPEAX_K@Z 0000000180009e30 f i BVHStructureBuilder.obj
 0001:00008e40       ?allocate@?$Array@USlab@NodeAllocator@Gu@physx@@V?$ReflectionAllocator@USlab@NodeAllocator@Gu@physx@@@shdfnd@4@@shdfnd@physx@@IEAAPEAUSlab@NodeAllocator@Gu@3@I@Z 0000000180009e40 f i BVHStructureBuilder.obj
 0001:00008ee0       ?getAABB@AABBTreeBuildNode@Gu@physx@@QEBAAEBVPxBounds3@3@XZ 0000000180009ee0 f i BVHStructureBuilder.obj
 0001:00008ef0       ?getCount@BuildStats@Gu@physx@@QEBAIXZ 0000000180009ef0 f i BVHStructureBuilder.obj
 0001:00008f00       ?getNbPrimitives@AABBTreeBuildNode@Gu@physx@@QEBAIXZ 0000000180009f00 f i BVHStructureBuilder.obj
 0001:00008f10       ?getNbRuntimePrimitives@AABBTreeBuildNode@Gu@physx@@QEBAIXZ 0000000180009f10 f i BVHStructureBuilder.obj
 0001:00008f20       ?getNeg@AABBTreeBuildNode@Gu@physx@@QEBAPEBV123@XZ 0000000180009f20 f i BVHStructureBuilder.obj
 0001:00008f40       ?getPos@AABBTreeBuildNode@Gu@physx@@QEBAPEBV123@XZ 0000000180009f40 f i BVHStructureBuilder.obj
 0001:00008f50       ?getPrimitives@AABBTreeBuildNode@Gu@physx@@QEAAPEAIPEAI@Z 0000000180009f50 f i BVHStructureBuilder.obj
 0001:00008f60       ?getPrimitives@AABBTreeBuildNode@Gu@physx@@QEBAPEBIPEBI@Z 0000000180009f60 f i BVHStructureBuilder.obj
 0001:00008f70       ?increaseCount@BuildStats@Gu@physx@@QEAAXI@Z 0000000180009f70 f i BVHStructureBuilder.obj
 0001:00008f80       ?isLeaf@AABBTreeBuildNode@Gu@physx@@QEBA_NXZ 0000000180009f80 f i BVHStructureBuilder.obj
 0001:00008f90       ?recreate@?$Array@USlab@NodeAllocator@Gu@physx@@V?$ReflectionAllocator@USlab@NodeAllocator@Gu@physx@@@shdfnd@4@@shdfnd@physx@@IEAAXI@Z 0000000180009f90 f i BVHStructureBuilder.obj
 0001:00009040       ?reset@AABBTreeBuildParams@Gu@physx@@QEAAXXZ 000000018000a040 f i BVHStructureBuilder.obj
 0001:000090a0       ?reset@BuildStats@Gu@physx@@QEAAXXZ 000000018000a0a0 f i BVHStructureBuilder.obj
 0001:000090b0       ?setCount@BuildStats@Gu@physx@@QEAAXI@Z 000000018000a0b0 f i BVHStructureBuilder.obj
 0001:000090c0       ?setNbRunTimePrimitives@AABBTreeBuildNode@Gu@physx@@QEAAXI@Z 000000018000a0c0 f i BVHStructureBuilder.obj
 0001:000090d0       ?saveHeightField@physx@@YA_NAEBVHeightField@Gu@1@AEAVPxOutputStream@1@_N@Z 000000018000a0d0 f   HeightFieldCooking.obj
 0001:00009310       ?buildFromTriangles@RTreeCooker@physx@@SAXAEAURTree@Gu@2@PEBVPxVec3@2@IPEBGPEBIIAEAV?$Array@IV?$ReflectionAllocator@I@shdfnd@physx@@@shdfnd@2@PEAURemapCallback@12@MW4Enum@PxMeshCookingHint@2@@Z 000000018000a310 f   RTreeCooking.obj
 0001:000095d0       ??$partition@UBoundsLTE@physx@@@quickSelect@physx@@YAIPEIAIIIIAEBUBoundsLTE@1@@Z 000000018000a5d0 f i RTreeCooking.obj
 0001:00009770       ??$quickSelectFirstK@UBoundsLTE@physx@@@quickSelect@physx@@YAXPEIAIIIIAEBUBoundsLTE@1@@Z 000000018000a770 f i RTreeCooking.obj
 0001:00009960       ??$smallSort@I$$CBUSortBoundsPredicate@physx@@@internal@shdfnd@physx@@YAXPEAIHHAEBUSortBoundsPredicate@2@@Z 000000018000a960 f i RTreeCooking.obj
 0001:00009c30       ??$sort@I@shdfnd@physx@@YAXPEAII@Z 000000018000ac30 f i RTreeCooking.obj
 0001:00009c50       ??$sort@IU?$Less@I@shdfnd@physx@@V?$ReflectionAllocator@I@23@@shdfnd@physx@@YAXPEAIIAEBU?$Less@I@01@AEBV?$ReflectionAllocator@I@01@I@Z 000000018000ac50 f i RTreeCooking.obj
 0001:0000a070       ??$sort@IUSortBoundsPredicate@physx@@@shdfnd@physx@@YAXPEAIIAEBUSortBoundsPredicate@1@@Z 000000018000b070 f i RTreeCooking.obj
 0001:0000a090       ??$sort@IUSortBoundsPredicate@physx@@V?$ReflectionAllocator@I@shdfnd@2@@shdfnd@physx@@YAXPEAIIAEBUSortBoundsPredicate@1@AEBV?$ReflectionAllocator@I@01@I@Z 000000018000b090 f i RTreeCooking.obj
 0001:0000a540       ?allocate@?$Array@UInterval@physx@@V?$InlineAllocator@$0CAAA@V?$ReflectionAllocator@UInterval@physx@@@shdfnd@physx@@@shdfnd@2@@shdfnd@physx@@IEAAPEAUInterval@3@I@Z 000000018000b540 f i RTreeCooking.obj
 0001:0000a600       ?allocate@?$Array@UPxBounds3V@physx@@V?$ReflectionAllocator@UPxBounds3V@physx@@@shdfnd@2@@shdfnd@physx@@IEAAPEAUPxBounds3V@3@I@Z 000000018000b600 f i RTreeCooking.obj
 0001:0000a6a0       ?allocate@?$Array@URTreeNodeNQ@physx@@V?$ReflectionAllocator@URTreeNodeNQ@physx@@@shdfnd@2@@shdfnd@physx@@IEAAPEAURTreeNodeNQ@3@I@Z 000000018000b6a0 f i RTreeCooking.obj
 0001:0000a740       ?allocate@?$Array@URTreeNodeQ@Gu@physx@@V?$ReflectionAllocator@URTreeNodeQ@Gu@physx@@@shdfnd@3@@shdfnd@physx@@IEAAPEAURTreeNodeQ@Gu@3@I@Z 000000018000b740 f i RTreeCooking.obj
 0001:0000a7e0       ?allocate@?$Array@VPxVec3@physx@@V?$ReflectionAllocator@VPxVec3@physx@@@shdfnd@2@@shdfnd@physx@@IEAAPEAVPxVec3@3@I@Z 000000018000b7e0 f i RTreeCooking.obj
 0001:0000a880       ?allocate@?$ReflectionAllocator@I@shdfnd@physx@@QEAAPEAX_KPEBDH@Z 000000018000b880 f i RTreeCooking.obj
 0001:0000b530       ?copy@?$Array@URTreeNodeNQ@physx@@V?$ReflectionAllocator@URTreeNodeNQ@physx@@@shdfnd@2@@shdfnd@physx@@KAXPEAURTreeNodeNQ@3@0PEBU43@@Z 000000018000c530 f i RTreeCooking.obj
 0001:0000b6f0       ?copy@?$Array@VPxVec3@physx@@V?$ReflectionAllocator@VPxVec3@physx@@@shdfnd@2@@shdfnd@physx@@KAXPEAVPxVec3@3@0PEBV43@@Z 000000018000c6f0 f i RTreeCooking.obj
 0001:0000b7c0       ?growAndPushBack@?$Array@IV?$ReflectionAllocator@I@shdfnd@physx@@@shdfnd@physx@@IEAAAEAIAEBI@Z 000000018000c7c0 f i RTreeCooking.obj
 0001:0000b8b0       ?growAndPushBack@?$Array@UInterval@physx@@V?$InlineAllocator@$0CAAA@V?$ReflectionAllocator@UInterval@physx@@@shdfnd@physx@@@shdfnd@2@@shdfnd@physx@@IEAAAEAUInterval@3@AEBU43@@Z 000000018000c8b0 f i RTreeCooking.obj
 0001:0000b9b0       ?growAndPushBack@?$Array@UPxBounds3V@physx@@V?$ReflectionAllocator@UPxBounds3V@physx@@@shdfnd@2@@shdfnd@physx@@IEAAAEAUPxBounds3V@3@AEBU43@@Z 000000018000c9b0 f i RTreeCooking.obj
 0001:0000ba80       ?growAndPushBack@?$Array@URTreeNodeNQ@physx@@V?$ReflectionAllocator@URTreeNodeNQ@physx@@@shdfnd@2@@shdfnd@physx@@IEAAAEAURTreeNodeNQ@3@AEBU43@@Z 000000018000ca80 f i RTreeCooking.obj
 0001:0000bb70       ?growAndPushBack@?$Array@URTreeNodeQ@Gu@physx@@V?$ReflectionAllocator@URTreeNodeQ@Gu@physx@@@shdfnd@3@@shdfnd@physx@@IEAAAEAURTreeNodeQ@Gu@3@AEBU453@@Z 000000018000cb70 f i RTreeCooking.obj
 0001:0000bc50       ?recreate@?$Array@IV?$ReflectionAllocator@I@shdfnd@physx@@@shdfnd@physx@@IEAAXI@Z 000000018000cc50 f i RTreeCooking.obj
 0001:0000bd30       ?recreate@?$Array@UPxBounds3V@physx@@V?$ReflectionAllocator@UPxBounds3V@physx@@@shdfnd@2@@shdfnd@physx@@IEAAXI@Z 000000018000cd30 f i RTreeCooking.obj
 0001:0000bde0       ?recreate@?$Array@URTreeNodeNQ@physx@@V?$ReflectionAllocator@URTreeNodeNQ@physx@@@shdfnd@2@@shdfnd@physx@@IEAAXI@Z 000000018000cde0 f i RTreeCooking.obj
 0001:0000be60       ?recreate@?$Array@URTreeNodeQ@Gu@physx@@V?$ReflectionAllocator@URTreeNodeQ@Gu@physx@@@shdfnd@3@@shdfnd@physx@@IEAAXI@Z 000000018000ce60 f i RTreeCooking.obj
 0001:0000bf20       ?recreate@?$Array@VPxVec3@physx@@V?$ReflectionAllocator@VPxVec3@physx@@@shdfnd@2@@shdfnd@physx@@IEAAXI@Z 000000018000cf20 f i RTreeCooking.obj
 0001:0000bfa0       ?resize@?$Array@IV?$ReflectionAllocator@I@shdfnd@physx@@@shdfnd@physx@@QEAAXIAEBI@Z 000000018000cfa0 f i RTreeCooking.obj
 0001:0000c080       ?resizeUninitialized@?$Array@URTreeNodeNQ@physx@@V?$ReflectionAllocator@URTreeNodeNQ@physx@@@shdfnd@2@@shdfnd@physx@@QEAAXI@Z 000000018000d080 f i RTreeCooking.obj
 0001:0000c0c0       ?sort4@SubSortQuick@physx@@QEAAXPEIAIIAEAV?$Array@URTreeNodeNQ@physx@@V?$ReflectionAllocator@URTreeNodeNQ@physx@@@shdfnd@2@@shdfnd@2@AEAIAEAUPxBounds3V@2@I@Z 000000018000d0c0 f i RTreeCooking.obj
 0001:0000c450       ?sort4@SubSortSAH@physx@@QEAAXPEAIIAEAV?$Array@URTreeNodeNQ@physx@@V?$ReflectionAllocator@URTreeNodeNQ@physx@@@shdfnd@2@@shdfnd@2@AEAIIPEAURTreeNodeNQ@2@@Z 000000018000d450 f i RTreeCooking.obj
 0001:0000cb30       ?split@SubSortSAH@physx@@QEAAIPEAII@Z 000000018000db30 f i RTreeCooking.obj
 0001:0000d290       ?computeLocalBounds@MeshBulider@physx@@IEAAXAEAVMeshDataBase@Gu@2@@Z 000000018000e290 f   MeshBuilder.obj
 0001:0000d320       ??0TriangleMeshBuilder@physx@@QEAA@AEAVTriangleMeshData@Gu@1@AEBUPxCookingParams@1@@Z 000000018000e320 f   TriangleMeshBuilder.obj
 0001:0000d350       ??1TriangleMeshBuilder@physx@@UEAA@XZ 000000018000e350 f   TriangleMeshBuilder.obj
 0001:0000d3c0       ?cleanMesh@TriangleMeshBuilder@physx@@QEAA_N_NPEAW4Enum@PxTriangleMeshCookingResult@2@@Z 000000018000e3c0 f   TriangleMeshBuilder.obj
 0001:0000d8c0       ?remapTopology@TriangleMeshBuilder@physx@@QEAAXPEBI@Z 000000018000e8c0 f   TriangleMeshBuilder.obj
 0001:0000dbc0       ?createSharedEdgeData@TriangleMeshBuilder@physx@@QEAAX_N0@Z 000000018000ebc0 f   TriangleMeshBuilder.obj
 0001:0000e080       ?recordTriangleIndices@TriangleMeshBuilder@physx@@QEAAXXZ 000000018000f080 f   TriangleMeshBuilder.obj
 0001:0000e180       ?createGRBMidPhaseAndData@TriangleMeshBuilder@physx@@QEAAXI@Z 000000018000f180 f   TriangleMeshBuilder.obj
 0001:0000e410       ?createGRBData@TriangleMeshBuilder@physx@@QEAAXXZ 000000018000f410 f   TriangleMeshBuilder.obj
 0001:0000e510       ?loadFromDesc@TriangleMeshBuilder@physx@@QEAA_NAEBVPxTriangleMeshDesc@2@PEAW4Enum@PxTriangleMeshCookingResult@2@_N@Z 000000018000f510 f   TriangleMeshBuilder.obj
 0001:0000e990       ?save@TriangleMeshBuilder@physx@@QEBA_NAEAVPxOutputStream@2@_NAEBUPxCookingParams@2@@Z 000000018000f990 f   TriangleMeshBuilder.obj
 0001:0000ef60       ?checkMeshIndicesSize@TriangleMeshBuilder@physx@@QEAAXXZ 000000018000ff60 f   TriangleMeshBuilder.obj
 0001:0000f070       ?importMesh@TriangleMeshBuilder@physx@@IEAA_NAEBVPxTriangleMeshDesc@2@AEBUPxCookingParams@2@PEAW4Enum@PxTriangleMeshCookingResult@2@_N@Z 0000000180010070 f   TriangleMeshBuilder.obj
 0001:0000f3f0       ?releaseEdgeList@TriangleMeshBuilder@physx@@IEAAXXZ 00000001800103f0 f   TriangleMeshBuilder.obj
 0001:0000f450       ?createEdgeList@TriangleMeshBuilder@physx@@IEAAXXZ 0000000180010450 f   TriangleMeshBuilder.obj
 0001:0000f570       ??0RTreeTriangleMeshBuilder@physx@@QEAA@AEBUPxCookingParams@1@@Z 0000000180010570 f   TriangleMeshBuilder.obj
 0001:0000f630       ??1RTreeTriangleMeshBuilder@physx@@UEAA@XZ 0000000180010630 f   TriangleMeshBuilder.obj
 0001:0000f660       ?createMidPhaseStructure@RTreeTriangleMeshBuilder@physx@@UEAAXXZ 0000000180010660 f   TriangleMeshBuilder.obj
 0001:0000f740       ?saveMidPhaseStructure@RTreeTriangleMeshBuilder@physx@@UEBAXAEAVPxOutputStream@2@_N@Z 0000000180010740 f   TriangleMeshBuilder.obj
 0001:0000f980       ??0BV4TriangleMeshBuilder@physx@@QEAA@AEBUPxCookingParams@1@@Z 0000000180010980 f   TriangleMeshBuilder.obj
 0001:0000fa50       ??1BV4TriangleMeshBuilder@physx@@UEAA@XZ 0000000180010a50 f   TriangleMeshBuilder.obj
 0001:0000fab0       ?createMidPhaseStructure@BV4TriangleMeshBuilder@physx@@UEAAXXZ 0000000180010ab0 f   TriangleMeshBuilder.obj
 0001:0000fd80       ?saveMidPhaseStructure@BV4TriangleMeshBuilder@physx@@UEBAXAEAVPxOutputStream@2@_N@Z 0000000180010d80 f   TriangleMeshBuilder.obj
 0001:0000ff20       ?onMeshIndexFormatChange@BV4TriangleMeshBuilder@physx@@UEAAXXZ 0000000180010f20 f   TriangleMeshBuilder.obj
 0001:0000ff60       ?createMidPhaseStructure@BV32TriangleMeshBuilder@physx@@SAXAEBUPxCookingParams@2@AEAVTriangleMeshData@Gu@2@AEAVBV32Tree@52@@Z 0000000180010f60 f   TriangleMeshBuilder.obj
 0001:00010140       ?saveMidPhaseStructure@BV32TriangleMeshBuilder@physx@@SAXPEAVBV32Tree@Gu@2@AEAVPxOutputStream@2@_N@Z 0000000180011140 f   TriangleMeshBuilder.obj
 0001:000102e0       ?findSharpVertices@GrbTrimeshCookerHelper@physx@@YAXAEAV?$Array@USortedNeighbor@GrbTrimeshCookerHelper@physx@@V?$ReflectionAllocator@USortedNeighbor@GrbTrimeshCookerHelper@physx@@@shdfnd@3@@shdfnd@2@AEAV?$Array@USharpEdgeRange@GrbTrimeshCookerHelper@physx@@V?$ReflectionAllocator@USharpEdgeRange@GrbTrimeshCookerHelper@physx@@@shdfnd@3@@42@PEBUuint3@2@PEBUuint4@2@II@Z 00000001800112e0 f   TriangleMeshBuilder.obj
 0001:00010680       ?buildVertexConnectionNew_p1@GrbTrimeshCookerHelper@physx@@YAIAEAV?$Array@USortedNeighbor@GrbTrimeshCookerHelper@physx@@V?$ReflectionAllocator@USortedNeighbor@GrbTrimeshCookerHelper@physx@@@shdfnd@3@@shdfnd@2@AEAV?$Array@USharpEdgeRange@GrbTrimeshCookerHelper@physx@@V?$ReflectionAllocator@USharpEdgeRange@GrbTrimeshCookerHelper@physx@@@shdfnd@3@@42@PEBUuint3@2@PEBUuint4@2@II@Z 0000000180011680 f   TriangleMeshBuilder.obj
 0001:00010830       ?buildVertexConnectionNew_p2@GrbTrimeshCookerHelper@physx@@YAXPEAI00AEAV?$Array@USortedNeighbor@GrbTrimeshCookerHelper@physx@@V?$ReflectionAllocator@USortedNeighbor@GrbTrimeshCookerHelper@physx@@@shdfnd@3@@shdfnd@2@AEAV?$Array@USharpEdgeRange@GrbTrimeshCookerHelper@physx@@V?$ReflectionAllocator@USharpEdgeRange@GrbTrimeshCookerHelper@physx@@@shdfnd@3@@42@I@Z 0000000180011830 f   TriangleMeshBuilder.obj
 0001:000108e0       ??$?_UG@@YAPEAX_KV?$ReflectionAllocator@G@shdfnd@physx@@PEBDH@Z 00000001800118e0 f i TriangleMeshBuilder.obj
 0001:00010980       ??$median3@USortedNeighbor@GrbTrimeshCookerHelper@physx@@$$CBU?$Less@USortedNeighbor@GrbTrimeshCookerHelper@physx@@@shdfnd@3@@internal@shdfnd@physx@@YAXPEAUSortedNeighbor@GrbTrimeshCookerHelper@2@HHAEBU?$Less@USortedNeighbor@GrbTrimeshCookerHelper@physx@@@12@@Z 0000000180011980 f i TriangleMeshBuilder.obj
 0001:00010ab0       ??$sort@UEdgeTriLookup@physx@@@shdfnd@physx@@YAXPEAUEdgeTriLookup@1@I@Z 0000000180011ab0 f i TriangleMeshBuilder.obj
 0001:00010ad0       ??$sort@UEdgeTriLookup@physx@@U?$Less@UEdgeTriLookup@physx@@@shdfnd@2@V?$ReflectionAllocator@UEdgeTriLookup@physx@@@42@@shdfnd@physx@@YAXPEAUEdgeTriLookup@1@IAEBU?$Less@UEdgeTriLookup@physx@@@01@AEBV?$ReflectionAllocator@UEdgeTriLookup@physx@@@01@I@Z 0000000180011ad0 f i TriangleMeshBuilder.obj
 0001:00011020       ??$sort@USortedNeighbor@GrbTrimeshCookerHelper@physx@@@shdfnd@physx@@YAXPEAUSortedNeighbor@GrbTrimeshCookerHelper@1@I@Z 0000000180012020 f i TriangleMeshBuilder.obj
 0001:00011040       ??$sort@USortedNeighbor@GrbTrimeshCookerHelper@physx@@U?$Less@USortedNeighbor@GrbTrimeshCookerHelper@physx@@@shdfnd@3@V?$ReflectionAllocator@USortedNeighbor@GrbTrimeshCookerHelper@physx@@@53@@shdfnd@physx@@YAXPEAUSortedNeighbor@GrbTrimeshCookerHelper@1@IAEBU?$Less@USortedNeighbor@GrbTrimeshCookerHelper@physx@@@01@AEBV?$ReflectionAllocator@USortedNeighbor@GrbTrimeshCookerHelper@physx@@@01@I@Z 0000000180012040 f i TriangleMeshBuilder.obj
 0001:00011530       ??0PxVec4@physx@@QEAA@XZ   0000000180012530 f i TriangleMeshBuilder.obj
 0001:00011540       ??1BV4TriangleData@Gu@physx@@UEAA@XZ 0000000180012540 f i TriangleMeshBuilder.obj
 0001:00011580       ??1MeshDataBase@Gu@physx@@UEAA@XZ 0000000180012580 f i TriangleMeshBuilder.obj
 0001:00011660       ??1RTreeTriangleData@Gu@physx@@UEAA@XZ 0000000180012660 f i TriangleMeshBuilder.obj
 0001:000116d0       ??1RemapCallback@RTreeCooker@physx@@UEAA@XZ 00000001800126d0 f i TriangleMeshBuilder.obj
 0001:000116e0       ??1TriangleMeshData@Gu@physx@@UEAA@XZ 00000001800126e0 f i TriangleMeshBuilder.obj
 0001:000117b0       ??_EBV4TriangleData@Gu@physx@@UEAAPEAXI@Z 00000001800127b0 f i TriangleMeshBuilder.obj
 0001:000117b0       ??_GBV4TriangleData@Gu@physx@@UEAAPEAXI@Z 00000001800127b0 f i TriangleMeshBuilder.obj
 0001:00011830       ??_GBV4TriangleMeshBuilder@physx@@UEAAPEAXI@Z 0000000180012830 f i TriangleMeshBuilder.obj
 0001:00011830       ??_EBV4TriangleMeshBuilder@physx@@UEAAPEAXI@Z 0000000180012830 f i TriangleMeshBuilder.obj
 0001:000118b0       ??_GMeshDataBase@Gu@physx@@UEAAPEAXI@Z 00000001800128b0 f i TriangleMeshBuilder.obj
 0001:000118b0       ??_EMeshDataBase@Gu@physx@@UEAAPEAXI@Z 00000001800128b0 f i TriangleMeshBuilder.obj
 0001:00011910       ??_ERTreeCookerRemap@physx@@UEAAPEAXI@Z 0000000180012910 f i TriangleMeshBuilder.obj
 0001:00011910       ??_GRTreeCookerRemap@physx@@UEAAPEAXI@Z 0000000180012910 f i TriangleMeshBuilder.obj
 0001:00011940       ??_ERTreeTriangleData@Gu@physx@@UEAAPEAXI@Z 0000000180012940 f i TriangleMeshBuilder.obj
 0001:00011940       ??_GRTreeTriangleData@Gu@physx@@UEAAPEAXI@Z 0000000180012940 f i TriangleMeshBuilder.obj
 0001:000119a0       ??_ERTreeTriangleMeshBuilder@physx@@UEAAPEAXI@Z 00000001800129a0 f i TriangleMeshBuilder.obj
 0001:000119a0       ??_GRTreeTriangleMeshBuilder@physx@@UEAAPEAXI@Z 00000001800129a0 f i TriangleMeshBuilder.obj
 0001:000119f0       ??_GRemapCallback@RTreeCooker@physx@@UEAAPEAXI@Z 00000001800129f0 f i TriangleMeshBuilder.obj
 0001:000119f0       ??_ERemapCallback@RTreeCooker@physx@@UEAAPEAXI@Z 00000001800129f0 f i TriangleMeshBuilder.obj
 0001:00011a20       ??_GTriangleMeshBuilder@physx@@UEAAPEAXI@Z 0000000180012a20 f i TriangleMeshBuilder.obj
 0001:00011a20       ??_ETriangleMeshBuilder@physx@@UEAAPEAXI@Z 0000000180012a20 f i TriangleMeshBuilder.obj
 0001:00011a60       ??_ETriangleMeshData@Gu@physx@@UEAAPEAXI@Z 0000000180012a60 f i TriangleMeshBuilder.obj
 0001:00011a60       ??_GTriangleMeshData@Gu@physx@@UEAAPEAXI@Z 0000000180012a60 f i TriangleMeshBuilder.obj
 0001:00011ac0       ?allocate@?$ReflectionAllocator@USortedNeighbor@GrbTrimeshCookerHelper@physx@@@shdfnd@physx@@QEAAPEAX_KPEBDH@Z 0000000180012ac0 f i TriangleMeshBuilder.obj
 0001:00011b60       ?allocateTriangles@TriangleMeshData@Gu@physx@@QEAAPEAXI_NI@Z 0000000180012b60 f i TriangleMeshBuilder.obj
 0001:00011c40       ?allocateVertices@MeshDataBase@Gu@physx@@QEAAPEAVPxVec3@3@I@Z 0000000180012c40 f i TriangleMeshBuilder.obj
 0001:00012320       ?getMidphaseID@BV4TriangleMeshBuilder@physx@@UEBA?AW4Enum@PxMeshMidPhase@2@XZ 0000000180013320 f i TriangleMeshBuilder.obj
 0001:00012330       ?getMidphaseID@RTreeTriangleMeshBuilder@physx@@UEBA?AW4Enum@PxMeshMidPhase@2@XZ 0000000180013330 f i TriangleMeshBuilder.obj
 0001:00012340       ?growAndPushBack@?$Array@USortedNeighbor@GrbTrimeshCookerHelper@physx@@V?$ReflectionAllocator@USortedNeighbor@GrbTrimeshCookerHelper@physx@@@shdfnd@3@@shdfnd@physx@@IEAAAEAUSortedNeighbor@GrbTrimeshCookerHelper@3@AEBU453@@Z 0000000180013340 f i TriangleMeshBuilder.obj
 0001:00012440       ?onMeshIndexFormatChange@TriangleMeshBuilder@physx@@UEAAXXZ 0000000180013440 f i TriangleMeshBuilder.obj
 0001:00012450       ?recreate@?$Array@USharpEdgeRange@GrbTrimeshCookerHelper@physx@@V?$ReflectionAllocator@USharpEdgeRange@GrbTrimeshCookerHelper@physx@@@shdfnd@3@@shdfnd@physx@@IEAAXI@Z 0000000180013450 f i TriangleMeshBuilder.obj
 0001:00012570       ?recreate@?$Array@USortedNeighbor@GrbTrimeshCookerHelper@physx@@V?$ReflectionAllocator@USortedNeighbor@GrbTrimeshCookerHelper@physx@@@shdfnd@3@@shdfnd@physx@@IEAAXI@Z 0000000180013570 f i TriangleMeshBuilder.obj
 0001:00012640       ?remap@RTreeCookerRemap@physx@@UEAAXPEAIII@Z 0000000180013640 f i TriangleMeshBuilder.obj
 0001:00012660       ?resize@?$Array@USharpEdgeRange@GrbTrimeshCookerHelper@physx@@V?$ReflectionAllocator@USharpEdgeRange@GrbTrimeshCookerHelper@physx@@@shdfnd@3@@shdfnd@physx@@QEAAXIAEBUSharpEdgeRange@GrbTrimeshCookerHelper@3@@Z 0000000180013660 f i TriangleMeshBuilder.obj
 0001:00012740       ?resizeUninitialized@?$Array@USortedNeighbor@GrbTrimeshCookerHelper@physx@@V?$ReflectionAllocator@USortedNeighbor@GrbTrimeshCookerHelper@physx@@@shdfnd@3@@shdfnd@physx@@QEAAXI@Z 0000000180013740 f i TriangleMeshBuilder.obj
 0001:00012780       ??0BigConvexDataBuilder@physx@@QEAA@PEBUConvexHullData@Gu@1@PEAVBigConvexData@1@PEBVPxVec3@1@@Z 0000000180013780 f   BigConvexDataBuilder.obj
 0001:000127a0       ??1BigConvexDataBuilder@physx@@QEAA@XZ 00000001800137a0 f   BigConvexDataBuilder.obj
 0001:000127b0       ?precompute@BigConvexDataBuilder@physx@@QEAA_NI@Z 00000001800137b0 f   BigConvexDataBuilder.obj
 0001:00013400       ?initialize@BigConvexDataBuilder@physx@@QEAA_NXZ 0000000180014400 f   BigConvexDataBuilder.obj
 0001:000134b0       ?save@BigConvexDataBuilder@physx@@QEBA_NAEAVPxOutputStream@2@_N@Z 00000001800144b0 f   BigConvexDataBuilder.obj
 0001:000136f0       ?computeValencies@BigConvexDataBuilder@physx@@QEAA_NAEBVConvexHullBuilder@2@@Z 00000001800146f0 f   BigConvexDataBuilder.obj
 0001:00013ae0       ?saveValencies@BigConvexDataBuilder@physx@@QEBA_NAEAVPxOutputStream@2@_N@Z 0000000180014ae0 f   BigConvexDataBuilder.obj
 0001:00013c90       ??0BigConvexData@physx@@QEAA@W4PxEMPTY@1@@Z 0000000180014c90 f i BigConvexDataBuilder.obj
 0001:00013ca0       ??4BigConvexData@physx@@QEAAAEAV01@AEBV01@@Z 0000000180014ca0 f i BigConvexDataBuilder.obj
 0001:00013cc0       ?GetAdjacentVerts@BigConvexData@physx@@QEBAPEBEXZ 0000000180014cc0 f i BigConvexDataBuilder.obj
 0001:00013cd0       ?GetNbNeighbors@BigConvexData@physx@@QEBAGI@Z 0000000180014cd0 f i BigConvexDataBuilder.obj
 0001:00013ce0       ?GetNbSamples@BigConvexData@physx@@QEBAIXZ 0000000180014ce0 f i BigConvexDataBuilder.obj
 0001:00013cf0       ?GetNbVerts@BigConvexData@physx@@QEBAIXZ 0000000180014cf0 f i BigConvexDataBuilder.obj
 0001:00013d00       ?GetNeighbors@BigConvexData@physx@@QEBAPEBEI@Z 0000000180014d00 f i BigConvexDataBuilder.obj
 0001:00013d10       ?GetOffset@BigConvexData@physx@@QEBAGI@Z 0000000180014d10 f i BigConvexDataBuilder.obj
 0001:00013d20       ?GetSubdiv@BigConvexData@physx@@QEBAIXZ 0000000180014d20 f i BigConvexDataBuilder.obj
 0001:00013d30       ?GetValencies@BigConvexData@physx@@QEBAPEBUValency@Gu@2@XZ 0000000180014d30 f i BigConvexDataBuilder.obj
 0001:00013d40       ?GetValency@BigConvexData@physx@@QEBAGI@Z 0000000180014d40 f i BigConvexDataBuilder.obj
 0001:00013d50       ??0ConvexHullBuilder@physx@@QEAA@PEAUConvexHullData@Gu@1@_N@Z 0000000180014d50 f   ConvexHullBuilder.obj
 0001:00013d80       ??1ConvexHullBuilder@physx@@QEAA@XZ 0000000180014d80 f   ConvexHullBuilder.obj
 0001:00013e90       ?init@ConvexHullBuilder@physx@@QEAA_NIPEBVPxVec3@2@PEBIIIPEBUPxHullPolygon@2@_NPEAVConvexHullLib@2@@Z 0000000180014e90 f   ConvexHullBuilder.obj
 0001:00014250       ?save@ConvexHullBuilder@physx@@QEBA_NAEAVPxOutputStream@2@_N@Z 0000000180015250 f   ConvexHullBuilder.obj
 0001:00014590       ?copy@ConvexHullBuilder@physx@@QEAA_NAEAUConvexHullData@Gu@2@AEAI@Z 0000000180015590 f   ConvexHullBuilder.obj
 0001:00014800       ?createEdgeList@ConvexHullBuilder@physx@@QEAA_N_NI@Z 0000000180015800 f   ConvexHullBuilder.obj
 0001:00015080       ?checkHullPolygons@ConvexHullBuilder@physx@@QEBA_NXZ 0000000180016080 f   ConvexHullBuilder.obj
 0001:00015660       ?calculateVertexMapTable@ConvexHullBuilder@physx@@QEAA_NI_N@Z 0000000180016660 f   ConvexHullBuilder.obj
 0001:00015870       ?computeGeomCenter@ConvexHullBuilder@physx@@IEBA_NAEAVPxVec3@2@IPEAUHullTriangleData@2@@Z 0000000180016870 f   ConvexHullBuilder.obj
 0001:00015b30       ??$?_UE@@YAPEAX_KV?$ReflectionAllocator@E@shdfnd@physx@@PEBDH@Z 0000000180016b30 f i ConvexHullBuilder.obj
 0001:00015bd0       ??1ConvexHullLib@physx@@UEAA@XZ 0000000180016bd0 f   ConvexHullLib.obj
 0001:00015c30       ?cleanupVertices@ConvexHullLib@physx@@IEAA_NIPEBVPxVec3@2@IAEAIPEAV32@AEAV32@3@Z 0000000180016c30 f   ConvexHullLib.obj
 0001:00016080       ?shiftAndcleanupVertices@ConvexHullLib@physx@@IEAA_NIPEBVPxVec3@2@IAEAIPEAV32@AEAV32@3@Z 0000000180017080 f   ConvexHullLib.obj
 0001:00016590       ?swapLargestFace@ConvexHullLib@physx@@IEAAXAEAVPxConvexMeshDesc@2@@Z 0000000180017590 f   ConvexHullLib.obj
 0001:00016780       ?shiftConvexMeshDesc@ConvexHullLib@physx@@IEAAXAEAVPxConvexMeshDesc@2@@Z 0000000180017780 f   ConvexHullLib.obj
 0001:00016840       ??_GConvexHullLib@physx@@UEAAPEAXI@Z 0000000180017840 f i ConvexHullLib.obj
 0001:00016840       ??_EConvexHullLib@physx@@UEAAPEAXI@Z 0000000180017840 f i ConvexHullLib.obj
 0001:00016db0       ??0ConvexHull@physx@@QEAA@AEBVPxVec3@1@0AEBV?$Array@VPxPlane@physx@@V?$ReflectionAllocator@VPxPlane@physx@@@shdfnd@2@@shdfnd@1@@Z 0000000180017db0 f   ConvexHullUtils.obj
 0001:000177a0       ??0ConvexHull@physx@@QEAA@AEBVPxVec3@1@AEBVPxTransform@1@AEBV?$Array@VPxPlane@physx@@V?$ReflectionAllocator@VPxPlane@physx@@@shdfnd@2@@shdfnd@1@@Z 00000001800187a0 f   ConvexHullUtils.obj
 0001:00018900       ?findCandidatePlane@ConvexHull@physx@@QEBAHMM@Z 0000000180019900 f   ConvexHullUtils.obj
 0001:00018d60       ?assertIntact@ConvexHull@physx@@QEBA_NM@Z 0000000180019d60 f   ConvexHullUtils.obj
 0001:00019080       ?maxNumVertsPerFace@ConvexHull@physx@@QEBAIXZ 000000018001a080 f   ConvexHullUtils.obj
 0001:00019100       ?convexHullCrop@physx@@YAPEAVConvexHull@1@AEBV21@AEBVPxPlane@1@M@Z 000000018001a100 f   ConvexHullUtils.obj
 0001:00019ec0       ?computeOBBFromConvex@physx@@YA_NAEBVPxConvexMeshDesc@1@AEAVPxVec3@1@AEAVPxTransform@1@@Z 000000018001aec0 f   ConvexHullUtils.obj
 0001:0001a5d0       ?computeOBBSIMD@local@@YAXIPEBT__m128@@AEAT2@AEBT2@1@Z 000000018001b5d0 f   ConvexHullUtils.obj
 0001:0001a830       ??0Box@Gu@physx@@QEAA@AEBV012@@Z 000000018001b830 f i ConvexHullUtils.obj
 0001:0001a890       ??0Box@Gu@physx@@QEAA@AEBVPxVec3@2@0AEBVPxMat33@2@@Z 000000018001b890 f i ConvexHullUtils.obj
 0001:0001a900       ??0Box@Gu@physx@@QEAA@XZ   000000018001b900 f i ConvexHullUtils.obj
 0001:0001a910       ??0HalfEdge@ConvexHull@physx@@QEAA@XZ 000000018001b910 f i ConvexHullUtils.obj
 0001:0001a920       ??0PxPlane@physx@@QEAA@XZ  000000018001b920 f i ConvexHullUtils.obj
 0001:0001a930       ??0PxQuat@physx@@QEAA@AEBVPxMat33@1@@Z 000000018001b930 f i ConvexHullUtils.obj
 0001:0001ab20       ??1Box@Gu@physx@@QEAA@XZ   000000018001bb20 f i ConvexHullUtils.obj
 0001:0001ab30       ??4Box@Gu@physx@@QEAAAEBV012@AEBV012@@Z 000000018001bb30 f i ConvexHullUtils.obj
 0001:0001ab90       ?allocate@?$Array@VHalfEdge@ConvexHull@physx@@V?$ReflectionAllocator@VHalfEdge@ConvexHull@physx@@@shdfnd@3@@shdfnd@physx@@IEAAPEAVHalfEdge@ConvexHull@3@I@Z 000000018001bb90 f i ConvexHullUtils.obj
 0001:0001ac30       ?allocate@?$Array@VPxPlane@physx@@V?$ReflectionAllocator@VPxPlane@physx@@@shdfnd@2@@shdfnd@physx@@IEAAPEAVPxPlane@3@I@Z 000000018001bc30 f i ConvexHullUtils.obj
 0001:0001acd0       ?computeAABBExtent@Box@Gu@physx@@QEBA?AVPxVec3@3@XZ 000000018001bcd0 f i ConvexHullUtils.obj
 0001:0001ad90       ?computeBoxPoints@Box@Gu@physx@@QEBAXPEIAVPxVec3@3@@Z 000000018001bd90 f i ConvexHullUtils.obj
 0001:0001add0       ?copy@?$Array@VPxPlane@physx@@V?$ReflectionAllocator@VPxPlane@physx@@@shdfnd@2@@shdfnd@physx@@KAXPEAVPxPlane@3@0PEBV43@@Z 000000018001bdd0 f i ConvexHullUtils.obj
 0001:0001aed0       ?getInverse@PxMat33@physx@@QEBA?BV12@XZ 000000018001bed0 f i ConvexHullUtils.obj
 0001:0001b120       ?getTransform@Box@Gu@physx@@QEBA?AVPxTransform@3@XZ 000000018001c120 f i ConvexHullUtils.obj
 0001:0001b180       ?growAndPushBack@?$Array@VHalfEdge@ConvexHull@physx@@V?$ReflectionAllocator@VHalfEdge@ConvexHull@physx@@@shdfnd@3@@shdfnd@physx@@IEAAAEAVHalfEdge@ConvexHull@3@AEBV453@@Z 000000018001c180 f i ConvexHullUtils.obj
 0001:0001b250       ?growAndPushBack@?$Array@VPxPlane@physx@@V?$ReflectionAllocator@VPxPlane@physx@@@shdfnd@2@@shdfnd@physx@@IEAAAEAVPxPlane@3@AEBV43@@Z 000000018001c250 f i ConvexHullUtils.obj
 0001:0001b320       ?isValid@Box@Gu@physx@@QEBA_NXZ 000000018001c320 f i ConvexHullUtils.obj
 0001:0001b340       ?recreate@?$Array@VHalfEdge@ConvexHull@physx@@V?$ReflectionAllocator@VHalfEdge@ConvexHull@physx@@@shdfnd@3@@shdfnd@physx@@IEAAXI@Z 000000018001c340 f i ConvexHullUtils.obj
 0001:0001b400       ?recreate@?$Array@VPxPlane@physx@@V?$ReflectionAllocator@VPxPlane@physx@@@shdfnd@2@@shdfnd@physx@@IEAAXI@Z 000000018001c400 f i ConvexHullUtils.obj
 0001:0001b480       ?resize@?$Array@VHalfEdge@ConvexHull@physx@@V?$ReflectionAllocator@VHalfEdge@ConvexHull@physx@@@shdfnd@3@@shdfnd@physx@@QEAAXIAEBVHalfEdge@ConvexHull@3@@Z 000000018001c480 f i ConvexHullUtils.obj
 0001:0001b560       ?resize@?$Array@VPxPlane@physx@@V?$ReflectionAllocator@VPxPlane@physx@@@shdfnd@2@@shdfnd@physx@@QEAAXIAEBVPxPlane@3@@Z 000000018001c560 f i ConvexHullUtils.obj
 0001:0001b680       ?resize@?$Array@VPxVec3@physx@@V?$ReflectionAllocator@VPxVec3@physx@@@shdfnd@2@@shdfnd@physx@@QEAAXIAEBVPxVec3@3@@Z 000000018001c680 f i ConvexHullUtils.obj
 0001:0001b770       ?rotate@Box@Gu@physx@@QEBA?AVPxVec3@3@AEBV43@@Z 000000018001c770 f i ConvexHullUtils.obj
 0001:0001b800       ?rotateInv@Box@Gu@physx@@QEBA?AVPxVec3@3@AEBV43@@Z 000000018001c800 f i ConvexHullUtils.obj
 0001:0001b890       ?setAxes@Box@Gu@physx@@QEAAXAEBVPxVec3@3@00@Z 000000018001c890 f i ConvexHullUtils.obj
 0001:0001b8d0       ?setEmpty@Box@Gu@physx@@QEAAXXZ 000000018001c8d0 f i ConvexHullUtils.obj
 0001:0001b910       ?transform@Box@Gu@physx@@QEBA?AVPxVec3@3@AEBV43@@Z 000000018001c910 f i ConvexHullUtils.obj
 0001:0001b9b0       ??0ConvexMeshBuilder@physx@@QEAA@_N@Z 000000018001c9b0 f   ConvexMeshBuilder.obj
 0001:0001ba20       ??1ConvexMeshBuilder@physx@@QEAA@XZ 000000018001ca20 f   ConvexMeshBuilder.obj
 0001:0001ba80       ?build@ConvexMeshBuilder@physx@@QEAA_NAEBVPxConvexMeshDesc@2@I_NPEAVConvexHullLib@2@@Z 000000018001ca80 f   ConvexMeshBuilder.obj
 0001:0001bda0       ?save@ConvexMeshBuilder@physx@@QEBA_NAEAVPxOutputStream@2@_N@Z 000000018001cda0 f   ConvexMeshBuilder.obj
 0001:0001bfc0       ?copy@ConvexMeshBuilder@physx@@QEAA_NAEAUConvexHullData@Gu@2@AEAI@Z 000000018001cfc0 f   ConvexMeshBuilder.obj
 0001:0001c050       ?loadConvexHull@ConvexMeshBuilder@physx@@QEAA_NAEBVPxConvexMeshDesc@2@PEAVConvexHullLib@2@@Z 000000018001d050 f   ConvexMeshBuilder.obj
 0001:0001c300       ?computeHullPolygons@ConvexMeshBuilder@physx@@QEAA_NAEBIPEBVPxVec3@2@0PEBIAEAVPxAllocatorCallback@2@AEAIAEAPEAV32@4AEAPEAI4AEAPEAUPxHullPolygon@2@@Z 000000018001d300 f   ConvexMeshBuilder.obj
 0001:0001c520       ?computeGaussMaps@ConvexMeshBuilder@physx@@QEAA_NXZ 000000018001d520 f   ConvexMeshBuilder.obj
 0001:0001c610       ?computeMassInfo@ConvexMeshBuilder@physx@@QEAAX_N@Z 000000018001d610 f   ConvexMeshBuilder.obj
 0001:0001c9e0       ?computeInternalObjects@ConvexMeshBuilder@physx@@QEAAXXZ 000000018001d9e0 f   ConvexMeshBuilder.obj
 0001:0001ce60       ?isFinite@PxVec3@physx@@QEBA_NXZ 000000018001de60 f i ConvexMeshBuilder.obj
 0001:0001cec0       ??0ConvexPolygonsBuilder@physx@@QEAA@PEAUConvexHullData@Gu@1@_N@Z 000000018001dec0 f   ConvexPolygonsBuilder.obj
 0001:0001cef0       ??1ConvexPolygonsBuilder@physx@@QEAA@XZ 000000018001def0 f   ConvexPolygonsBuilder.obj
 0001:0001cf40       ?computeHullPolygons@ConvexPolygonsBuilder@physx@@QEAA_NAEBIPEBVPxVec3@2@0PEBI@Z 000000018001df40 f   ConvexPolygonsBuilder.obj
 0001:0001d230       ?createPolygonData@ConvexPolygonsBuilder@physx@@AEAA_NXZ 000000018001e230 f   ConvexPolygonsBuilder.obj
 0001:0001de10       ?createTrianglesFromPolygons@ConvexPolygonsBuilder@physx@@AEAA_NXZ 000000018001ee10 f   ConvexPolygonsBuilder.obj
 0001:0001e730       ??$copy@V?$ReflectionAllocator@VPair@@@shdfnd@physx@@@?$Array@VPair@@V?$ReflectionAllocator@VPair@@@shdfnd@physx@@@shdfnd@physx@@IEAAXAEBV012@@Z 000000018001f730 f i ConvexPolygonsBuilder.obj
 0001:0001f530       ?allocate@?$Array@IV?$ReflectionAllocator@I@shdfnd@physx@@@shdfnd@physx@@IEAAPEAII@Z 0000000180020530 f i ConvexPolygonsBuilder.obj
 0001:0001f5d0       ?allocate@?$Array@VPair@@V?$ReflectionAllocator@VPair@@@shdfnd@physx@@@shdfnd@physx@@IEAAPEAVPair@@I@Z 00000001800205d0 f i ConvexPolygonsBuilder.obj
 0001:00020b60       ?growAndPushBack@?$Array@VPair@@V?$ReflectionAllocator@VPair@@@shdfnd@physx@@@shdfnd@physx@@IEAAAEAVPair@@AEBV4@@Z 0000000180021b60 f i ConvexPolygonsBuilder.obj
 0001:00020c40       ??0QuickHullConvexHullLib@physx@@QEAA@AEBVPxConvexMeshDesc@1@AEBUPxCookingParams@1@@Z 0000000180021c40 f   QuickHullConvexHullLib.obj
 0001:00020d30       ??1QuickHullConvexHullLib@physx@@UEAA@XZ 0000000180021d30 f   QuickHullConvexHullLib.obj
 0001:00020e00       ?createConvexHull@QuickHullConvexHullLib@physx@@UEAA?AW4Enum@PxConvexMeshCookingResult@2@XZ 0000000180021e00 f   QuickHullConvexHullLib.obj
 0001:000213a0       ?fillConvexMeshDesc@QuickHullConvexHullLib@physx@@UEAAXAEAVPxConvexMeshDesc@2@@Z 00000001800223a0 f   QuickHullConvexHullLib.obj
 0001:000213f0       ?createEdgeList@QuickHullConvexHullLib@physx@@UEAA_NIPEBEPEAPEAEPEAPEAG2@Z 00000001800223f0 f   QuickHullConvexHullLib.obj
 0001:00021630       ?expandHullOBB@QuickHullConvexHullLib@physx@@IEAA?AW4Enum@PxConvexMeshCookingResult@2@XZ 0000000180022630 f   QuickHullConvexHullLib.obj
 0001:00021a50       ?expandHull@QuickHullConvexHullLib@physx@@IEAA?AW4Enum@PxConvexMeshCookingResult@2@XZ 0000000180022a50 f   QuickHullConvexHullLib.obj
 0001:00022390       ?cleanupForSimplex@QuickHullConvexHullLib@physx@@IEAA_NPEAVPxVec3@2@IPEAUQuickHullVertex@local@@1AEAM2@Z 0000000180023390 f   QuickHullConvexHullLib.obj
 0001:00022f10       ?fillConvexMeshDescFromQuickHull@QuickHullConvexHullLib@physx@@IEAAXAEAVPxConvexMeshDesc@2@@Z 0000000180023f10 f   QuickHullConvexHullLib.obj
 0001:000232a0       ?fillConvexMeshDescFromCroppedHull@QuickHullConvexHullLib@physx@@IEAAXAEAVPxConvexMeshDesc@2@@Z 00000001800242a0 f   QuickHullConvexHullLib.obj
 0001:000234a0       ?getOppositeFaceDistance@QuickHullHalfEdge@local@@QEBAMXZ 00000001800244a0 f   QuickHullConvexHullLib.obj
 0001:000234e0       ?mergeAdjacentFace@QuickHullFace@local@@QEAA_NPEAUQuickHullHalfEdge@2@AEAV?$Array@PEAUQuickHullFace@local@@V?$ReflectionAllocator@PEAUQuickHullFace@local@@@shdfnd@physx@@@shdfnd@physx@@@Z 00000001800244e0 f   QuickHullConvexHullLib.obj
 0001:00023930       ?checkFaceConsistency@QuickHullFace@local@@QEAA_NXZ 0000000180024930 f   QuickHullConvexHullLib.obj
 0001:00023940       ?connectHalfEdges@QuickHullFace@local@@AEAAPEAU12@PEAUQuickHullHalfEdge@2@0@Z 0000000180024940 f   QuickHullConvexHullLib.obj
 0001:00023cb0       ??0QuickHull@local@@QEAA@AEBUPxCookingParams@physx@@AEBVPxConvexMeshDesc@3@@Z 0000000180024cb0 f   QuickHullConvexHullLib.obj
 0001:00023d60       ??1QuickHull@local@@QEAA@XZ 0000000180024d60 f   QuickHullConvexHullLib.obj
 0001:00023eb0       ?preallocate@QuickHull@local@@QEAAXI@Z 0000000180024eb0 f   QuickHullConvexHullLib.obj
 0001:00024000       ?parseInputVertices@QuickHull@local@@QEAAXPEBVPxVec3@physx@@I@Z 0000000180025000 f   QuickHullConvexHullLib.obj
 0001:00024170       ?releaseHull@QuickHull@local@@QEAAXXZ 0000000180025170 f   QuickHullConvexHullLib.obj
 0001:000241d0       ?setPrecomputedMinMax@QuickHull@local@@QEAAXPEBUQuickHullVertex@2@0MM@Z 00000001800251d0 f   QuickHullConvexHullLib.obj
 0001:00024360       ?buildHull@QuickHull@local@@QEAA?AW4Enum@QuickHullResult@2@XZ 0000000180025360 f   QuickHullConvexHullLib.obj
 0001:000245c0       ?maxNumVertsPerFace@QuickHull@local@@QEBAIXZ 00000001800255c0 f   QuickHullConvexHullLib.obj
 0001:00024600       ?computeMinMaxVerts@QuickHull@local@@IEAAXXZ 0000000180025600 f   QuickHullConvexHullLib.obj
 0001:000249e0       ?findSimplex@QuickHull@local@@IEAA_NXZ 00000001800259e0 f   QuickHullConvexHullLib.obj
 0001:00025660       ?addSimplex@QuickHull@local@@IEAAXPEAUQuickHullVertex@2@_N@Z 0000000180026660 f   QuickHullConvexHullLib.obj
 0001:00025b30       ?nextPointToAdd@QuickHull@local@@IEAAPEAUQuickHullVertex@2@AEAPEAUQuickHullFace@2@@Z 0000000180026b30 f   QuickHullConvexHullLib.obj
 0001:00025c90       ?addPointToHull@QuickHull@local@@IEAA_NPEBUQuickHullVertex@2@AEAUQuickHullFace@2@AEA_N@Z 0000000180026c90 f   QuickHullConvexHullLib.obj
 0001:00026080       ?createTriangle@QuickHull@local@@IEAAPEAUQuickHullFace@2@AEBUQuickHullVertex@2@00@Z 0000000180027080 f   QuickHullConvexHullLib.obj
 0001:00026430       ?addPointToFace@QuickHull@local@@IEAAXAEAUQuickHullFace@2@PEAUQuickHullVertex@2@M@Z 0000000180027430 f   QuickHullConvexHullLib.obj
 0001:00026480       ?removeEyePointFromFace@QuickHull@local@@IEAAXAEAUQuickHullFace@2@PEBUQuickHullVertex@2@@Z 0000000180027480 f   QuickHullConvexHullLib.obj
 0001:000264a0       ?calculateHorizon@QuickHull@local@@IEAAXAEBVPxVec3@physx@@PEAUQuickHullHalfEdge@2@AEAUQuickHullFace@2@AEAV?$Array@PEAUQuickHullHalfEdge@local@@V?$ReflectionAllocator@PEAUQuickHullHalfEdge@local@@@shdfnd@physx@@@shdfnd@4@AEAV?$Array@PEAUQuickHullFace@local@@V?$ReflectionAllocator@PEAUQuickHullFace@local@@@shdfnd@physx@@@84@@Z 00000001800274a0 f   QuickHullConvexHullLib.obj
 0001:00026650       ?addNewFacesFromHorizon@QuickHull@local@@IEAAXPEBUQuickHullVertex@2@AEBV?$Array@PEAUQuickHullHalfEdge@local@@V?$ReflectionAllocator@PEAUQuickHullHalfEdge@local@@@shdfnd@physx@@@shdfnd@physx@@AEAV?$Array@PEAUQuickHullFace@local@@V?$ReflectionAllocator@PEAUQuickHullFace@local@@@shdfnd@physx@@@56@@Z 0000000180027650 f   QuickHullConvexHullLib.obj
 0001:000267a0       ?doAdjacentMerge@QuickHull@local@@IEAA_NAEAUQuickHullFace@2@_NAEA_N@Z 00000001800277a0 f   QuickHullConvexHullLib.obj
 0001:00026a10       ?doPostAdjacentMerge@QuickHull@local@@IEAA_NAEAUQuickHullFace@2@M@Z 0000000180027a10 f   QuickHullConvexHullLib.obj
 0001:00026b40       ?deleteFacePoints@QuickHull@local@@IEAAXAEAUQuickHullFace@2@PEAU32@@Z 0000000180027b40 f   QuickHullConvexHullLib.obj
 0001:00026c50       ?resolveUnclaimedPoints@QuickHull@local@@IEAAXAEBV?$Array@PEAUQuickHullFace@local@@V?$ReflectionAllocator@PEAUQuickHullFace@local@@@shdfnd@physx@@@shdfnd@physx@@@Z 0000000180027c50 f   QuickHullConvexHullLib.obj
 0001:00026ea0       ?postMergeHull@QuickHull@local@@IEAAXXZ 0000000180027ea0 f   QuickHullConvexHullLib.obj
 0001:00027020       ?canMergeFaces@QuickHull@local@@IEAA_NAEBUQuickHullHalfEdge@2@@Z 0000000180028020 f   QuickHullConvexHullLib.obj
 0001:00027860       ?getExpandPoint@local@@YAXAEBUQuickHullHalfEdge@1@AEAUExpandPoint@1@PEBV?$Array@IV?$ReflectionAllocator@I@shdfnd@physx@@@shdfnd@physx@@@Z 0000000180028860 f   QuickHullConvexHullLib.obj
 0001:000278f0       ?addExpandPoint@local@@YAXAEBUExpandPoint@1@AEAV?$Array@UExpandPoint@local@@V?$ReflectionAllocator@UExpandPoint@local@@@shdfnd@physx@@@shdfnd@physx@@@Z 00000001800288f0 f   QuickHullConvexHullLib.obj
 0001:000279d0       ??0PxPlane@physx@@QEAA@AEBV01@@Z 00000001800289d0 f i QuickHullConvexHullLib.obj
 0001:000279f0       ??0QuickHullVertex@local@@QEAA@XZ 00000001800289f0 f i QuickHullConvexHullLib.obj
 0001:00027a00       ??1?$MemBlock@UQuickHullFace@local@@$00@local@@QEAA@XZ 0000000180028a00 f i QuickHullConvexHullLib.obj
 0001:00027a90       ??1?$MemBlock@UQuickHullHalfEdge@local@@$0A@@local@@QEAA@XZ 0000000180028a90 f i QuickHullConvexHullLib.obj
 0001:00027b20       ??_GConvexHull@physx@@QEAAPEAXI@Z 0000000180028b20 f i QuickHullConvexHullLib.obj
 0001:00027c00       ??_GQuickHullConvexHullLib@physx@@UEAAPEAXI@Z 0000000180028c00 f i QuickHullConvexHullLib.obj
 0001:00027c00       ??_EQuickHullConvexHullLib@physx@@UEAAPEAXI@Z 0000000180028c00 f i QuickHullConvexHullLib.obj
 0001:00027d00       ??__G@YAXPEAX0_K1P6APEAX00@Z@Z 0000000180028d00 f i QuickHullConvexHullLib.obj
 0001:00027d60       ?allocate@?$Array@PEAUQuickHullFace@local@@V?$ReflectionAllocator@PEAUQuickHullFace@local@@@shdfnd@physx@@@shdfnd@physx@@IEAAPEAPEAUQuickHullFace@local@@I@Z 0000000180028d60 f i QuickHullConvexHullLib.obj
 0001:00027e00       ?allocate@?$Array@PEAUQuickHullHalfEdge@local@@V?$ReflectionAllocator@PEAUQuickHullHalfEdge@local@@@shdfnd@physx@@@shdfnd@physx@@IEAAPEAPEAUQuickHullHalfEdge@local@@I@Z 0000000180028e00 f i QuickHullConvexHullLib.obj
 0001:00027ea0       ?allocate@?$Array@PEAUQuickHullVertex@local@@V?$ReflectionAllocator@PEAUQuickHullVertex@local@@@shdfnd@physx@@@shdfnd@physx@@IEAAPEAPEAUQuickHullVertex@local@@I@Z 0000000180028ea0 f i QuickHullConvexHullLib.obj
 0001:00027f40       ?allocate@?$Array@UExpandPoint@local@@V?$ReflectionAllocator@UExpandPoint@local@@@shdfnd@physx@@@shdfnd@physx@@IEAAPEAUExpandPoint@local@@I@Z 0000000180028f40 f i QuickHullConvexHullLib.obj
 0001:00027fe0       ?copy@?$Array@UExpandPoint@local@@V?$ReflectionAllocator@UExpandPoint@local@@@shdfnd@physx@@@shdfnd@physx@@KAXPEAUExpandPoint@local@@0PEBU45@@Z 0000000180028fe0 f i QuickHullConvexHullLib.obj
 0001:00028090       ?getFreeItem@?$MemBlock@UQuickHullFace@local@@$00@local@@QEAAPEAUQuickHullFace@2@XZ 0000000180029090 f i QuickHullConvexHullLib.obj
 0001:000281c0       ?getFreeItem@?$MemBlock@UQuickHullHalfEdge@local@@$0A@@local@@QEAAPEAUQuickHullHalfEdge@2@XZ 00000001800291c0 f i QuickHullConvexHullLib.obj
 0001:00028290       ?growAndPushBack@?$Array@PEAUQuickHullFace@local@@V?$ReflectionAllocator@PEAUQuickHullFace@local@@@shdfnd@physx@@@shdfnd@physx@@IEAAAEAPEAUQuickHullFace@local@@AEBQEAU45@@Z 0000000180029290 f i QuickHullConvexHullLib.obj
 0001:00028360       ?growAndPushBack@?$Array@PEAUQuickHullHalfEdge@local@@V?$ReflectionAllocator@PEAUQuickHullHalfEdge@local@@@shdfnd@physx@@@shdfnd@physx@@IEAAAEAPEAUQuickHullHalfEdge@local@@AEBQEAU45@@Z 0000000180029360 f i QuickHullConvexHullLib.obj
 0001:00028430       ?growAndPushBack@?$Array@PEAUQuickHullVertex@local@@V?$ReflectionAllocator@PEAUQuickHullVertex@local@@@shdfnd@physx@@@shdfnd@physx@@IEAAAEAPEAUQuickHullVertex@local@@AEBQEAU45@@Z 0000000180029430 f i QuickHullConvexHullLib.obj
 0001:00028500       ?growAndPushBack@?$Array@UExpandPoint@local@@V?$ReflectionAllocator@UExpandPoint@local@@@shdfnd@physx@@@shdfnd@physx@@IEAAAEAUExpandPoint@local@@AEBU45@@Z 0000000180029500 f i QuickHullConvexHullLib.obj
 0001:00028600       ?init@?$MemBlock@UQuickHullFace@local@@$00@local@@QEAAXI@Z 0000000180029600 f i QuickHullConvexHullLib.obj
 0001:00028700       ?init@?$MemBlock@UQuickHullHalfEdge@local@@$0A@@local@@QEAAXI@Z 0000000180029700 f i QuickHullConvexHullLib.obj
 0001:000287a0       ?recreate@?$Array@PEAUQuickHullFace@local@@V?$ReflectionAllocator@PEAUQuickHullFace@local@@@shdfnd@physx@@@shdfnd@physx@@IEAAXI@Z 00000001800297a0 f i QuickHullConvexHullLib.obj
 0001:00028860       ?recreate@?$Array@PEAUQuickHullHalfEdge@local@@V?$ReflectionAllocator@PEAUQuickHullHalfEdge@local@@@shdfnd@physx@@@shdfnd@physx@@IEAAXI@Z 0000000180029860 f i QuickHullConvexHullLib.obj
 0001:00028920       ?recreate@?$Array@PEAUQuickHullVertex@local@@V?$ReflectionAllocator@PEAUQuickHullVertex@local@@@shdfnd@physx@@@shdfnd@physx@@IEAAXI@Z 0000000180029920 f i QuickHullConvexHullLib.obj
 0001:000289e0       ?recreate@?$Array@UExpandPoint@local@@V?$ReflectionAllocator@UExpandPoint@local@@@shdfnd@physx@@@shdfnd@physx@@IEAAXI@Z 00000001800299e0 f i QuickHullConvexHullLib.obj
 0001:00028a60       ?computeVolumeIntegrals@physx@@YA_NAEBVPxSimpleTriangleMesh@1@MAEAUPxIntegrals@1@@Z 0000000180029a60 f   VolumeIntegration.obj
 0001:00028ad0       ?computeVolumeIntegralsEberly@physx@@YA_NAEBVPxConvexMeshDesc@1@MAEAUPxIntegrals@1@AEBVPxVec3@1@@Z 0000000180029ad0 f   VolumeIntegration.obj
 0001:00028b20       ?computeVolumeIntegralsEberlySIMD@physx@@YA_NAEBVPxConvexMeshDesc@1@MAEAUPxIntegrals@1@AEBVPxVec3@1@@Z 0000000180029b20 f   VolumeIntegration.obj
 0001:0002afa0       PxSetPhysXCookingDelayLoadHook 000000018002bfa0 f   WindowsCookingDelayLoadHook.obj
 0001:0002afb0       ?delayHook@@YAP6A_JXZIPEAUDelayLoadInfo@@@Z 000000018002bfb0 f   WindowsCookingDelayLoadHook.obj
 0001:0002b088       __imp_load_??0RadixSortBuffered@Cm@physx@@QEAA@XZ 000000018002c088 f   PhysXCommon_64:PhysXCommon_64.dll
 0001:0002b094       ??0RadixSortBuffered@Cm@physx@@QEAA@XZ 000000018002c094 f   PhysXCommon_64:PhysXCommon_64.dll
 0001:0002b09a       __tailMerge_physxcommon_64_dll 000000018002c09a     PhysXCommon_64:PhysXCommon_64.dll
 0001:0002b113       __imp_load_??1RadixSortBuffered@Cm@physx@@UEAA@XZ 000000018002c113 f   PhysXCommon_64:PhysXCommon_64.dll
 0001:0002b11f       ??1RadixSortBuffered@Cm@physx@@UEAA@XZ 000000018002c11f f   PhysXCommon_64:PhysXCommon_64.dll
 0001:0002b125       __imp_load_?Sort@RadixSortBuffered@Cm@physx@@QEAAAEAV123@PEBIIW4RadixHint@23@@Z 000000018002c125 f   PhysXCommon_64:PhysXCommon_64.dll
 0001:0002b131       ?Sort@RadixSortBuffered@Cm@physx@@QEAAAEAV123@PEBIIW4RadixHint@23@@Z 000000018002c131 f   PhysXCommon_64:PhysXCommon_64.dll
 0001:0002b137       __imp_load_?readDword@physx@@YAI_NAEAVPxInputStream@1@@Z 000000018002c137 f   PhysXCommon_64:PhysXCommon_64.dll
 0001:0002b143       ?readDword@physx@@YAI_NAEAVPxInputStream@1@@Z 000000018002c143 f   PhysXCommon_64:PhysXCommon_64.dll
 0001:0002b149       __imp_load_?ReadHeader@Gu@physx@@YA_NEEEEAEAIAEA_NAEAVPxInputStream@2@@Z 000000018002c149 f   PhysXCommon_64:PhysXCommon_64.dll
 0001:0002b155       ?ReadHeader@Gu@physx@@YA_NEEEEAEAIAEA_NAEAVPxInputStream@2@@Z 000000018002c155 f   PhysXCommon_64:PhysXCommon_64.dll
 0001:0002b15b       __imp_load_?exportExtraData@ConvexMesh@Gu@physx@@UEAAXAEAVPxSerializationContext@3@@Z 000000018002c15b f   PhysXCommon_64:PhysXCommon_64.dll
 0001:0002b167       ?exportExtraData@ConvexMesh@Gu@physx@@UEAAXAEAVPxSerializationContext@3@@Z 000000018002c167 f   PhysXCommon_64:PhysXCommon_64.dll
 0001:0002b16d       __imp_load_?onRefCountZero@ConvexMesh@Gu@physx@@UEAAXXZ 000000018002c16d f   PhysXCommon_64:PhysXCommon_64.dll
 0001:0002b179       ?onRefCountZero@ConvexMesh@Gu@physx@@UEAAXXZ 000000018002c179 f   PhysXCommon_64:PhysXCommon_64.dll
 0001:0002b17f       __imp_load_?release@ConvexMesh@Gu@physx@@UEAAXXZ 000000018002c17f f   PhysXCommon_64:PhysXCommon_64.dll
 0001:0002b18b       ?release@ConvexMesh@Gu@physx@@UEAAXXZ 000000018002c18b f   PhysXCommon_64:PhysXCommon_64.dll
 0001:0002b191       __imp_load_?getPolygonData@ConvexMesh@Gu@physx@@UEBA_NIAEAUPxHullPolygon@3@@Z 000000018002c191 f   PhysXCommon_64:PhysXCommon_64.dll
 0001:0002b19d       ?getPolygonData@ConvexMesh@Gu@physx@@UEBA_NIAEAUPxHullPolygon@3@@Z 000000018002c19d f   PhysXCommon_64:PhysXCommon_64.dll
 0001:0002b1a3       __imp_load_?isGpuCompatible@ConvexMesh@Gu@physx@@UEBA_NXZ 000000018002c1a3 f   PhysXCommon_64:PhysXCommon_64.dll
 0001:0002b1af       ?isGpuCompatible@ConvexMesh@Gu@physx@@UEBA_NXZ 000000018002c1af f   PhysXCommon_64:PhysXCommon_64.dll
 0001:0002b1b5       __imp_load_?getReferenceCount@ConvexMesh@Gu@physx@@UEBAIXZ 000000018002c1b5 f   PhysXCommon_64:PhysXCommon_64.dll
 0001:0002b1c1       ?getReferenceCount@ConvexMesh@Gu@physx@@UEBAIXZ 000000018002c1c1 f   PhysXCommon_64:PhysXCommon_64.dll
 0001:0002b1c7       __imp_load_?acquireReference@ConvexMesh@Gu@physx@@UEAAXXZ 000000018002c1c7 f   PhysXCommon_64:PhysXCommon_64.dll
 0001:0002b1d3       ?acquireReference@ConvexMesh@Gu@physx@@UEAAXXZ 000000018002c1d3 f   PhysXCommon_64:PhysXCommon_64.dll
 0001:0002b1d9       __imp_load_?getMassInformation@ConvexMesh@Gu@physx@@UEBAXAEAMAEAVPxMat33@3@AEAVPxVec3@3@@Z 000000018002c1d9 f   PhysXCommon_64:PhysXCommon_64.dll
 0001:0002b1e5       ?getMassInformation@ConvexMesh@Gu@physx@@UEBAXAEAMAEAVPxMat33@3@AEAVPxVec3@3@@Z 000000018002c1e5 f   PhysXCommon_64:PhysXCommon_64.dll
 0001:0002b1eb       __imp_load_?getLocalBounds@ConvexMesh@Gu@physx@@UEBA?AVPxBounds3@3@XZ 000000018002c1eb f   PhysXCommon_64:PhysXCommon_64.dll
 0001:0002b1f7       ?getLocalBounds@ConvexMesh@Gu@physx@@UEBA?AVPxBounds3@3@XZ 000000018002c1f7 f   PhysXCommon_64:PhysXCommon_64.dll
 0001:0002b1fd       __imp_load_??1ConvexMesh@Gu@physx@@UEAA@XZ 000000018002c1fd f   PhysXCommon_64:PhysXCommon_64.dll
 0001:0002b209       ??1ConvexMesh@Gu@physx@@UEAA@XZ 000000018002c209 f   PhysXCommon_64:PhysXCommon_64.dll
 0001:0002b20f       __imp_load_??0HeightField@Gu@physx@@QEAA@PEAVGuMeshFactory@2@@Z 000000018002c20f f   PhysXCommon_64:PhysXCommon_64.dll
 0001:0002b21b       ??0HeightField@Gu@physx@@QEAA@PEAVGuMeshFactory@2@@Z 000000018002c21b f   PhysXCommon_64:PhysXCommon_64.dll
 0001:0002b221       __imp_load_?loadFromDesc@HeightField@Gu@physx@@QEAA_NAEBVPxHeightFieldDesc@3@@Z 000000018002c221 f   PhysXCommon_64:PhysXCommon_64.dll
 0001:0002b22d       ?loadFromDesc@HeightField@Gu@physx@@QEAA_NAEBVPxHeightFieldDesc@3@@Z 000000018002c22d f   PhysXCommon_64:PhysXCommon_64.dll
 0001:0002b233       __imp_load_?computeCellCoordinates@HeightField@Gu@physx@@QEBAIMMAEAM0@Z 000000018002c233 f   PhysXCommon_64:PhysXCommon_64.dll
 0001:0002b23f       ?computeCellCoordinates@HeightField@Gu@physx@@QEBAIMMAEAM0@Z 000000018002c23f f   PhysXCommon_64:PhysXCommon_64.dll
 0001:0002b245       __imp_load_?releaseMemory@HeightField@Gu@physx@@QEAAXXZ 000000018002c245 f   PhysXCommon_64:PhysXCommon_64.dll
 0001:0002b251       ?releaseMemory@HeightField@Gu@physx@@QEAAXXZ 000000018002c251 f   PhysXCommon_64:PhysXCommon_64.dll
 0001:0002b257       __imp_load_??1HeightField@Gu@physx@@UEAA@XZ 000000018002c257 f   PhysXCommon_64:PhysXCommon_64.dll
 0001:0002b263       ??1HeightField@Gu@physx@@UEAA@XZ 000000018002c263 f   PhysXCommon_64:PhysXCommon_64.dll
 0001:0002b269       __imp_load_??0NodeAllocator@Gu@physx@@QEAA@XZ 000000018002c269 f   PhysXCommon_64:PhysXCommon_64.dll
 0001:0002b275       ??0NodeAllocator@Gu@physx@@QEAA@XZ 000000018002c275 f   PhysXCommon_64:PhysXCommon_64.dll
 0001:0002b27b       __imp_load_??1NodeAllocator@Gu@physx@@QEAA@XZ 000000018002c27b f   PhysXCommon_64:PhysXCommon_64.dll
 0001:0002b287       ??1NodeAllocator@Gu@physx@@QEAA@XZ 000000018002c287 f   PhysXCommon_64:PhysXCommon_64.dll
 0001:0002b28d       __imp_load_?release@NodeAllocator@Gu@physx@@QEAAXXZ 000000018002c28d f   PhysXCommon_64:PhysXCommon_64.dll
 0001:0002b299       ?release@NodeAllocator@Gu@physx@@QEAAXXZ 000000018002c299 f   PhysXCommon_64:PhysXCommon_64.dll
 0001:0002b29f       __imp_load_?buildAABBTree@Gu@physx@@YA_NAEAVAABBTreeBuildParams@12@AEAVNodeAllocator@12@AEAUBuildStats@12@AEAPEAI@Z 000000018002c29f f   PhysXCommon_64:PhysXCommon_64.dll
 0001:0002b2ab       ?buildAABBTree@Gu@physx@@YA_NAEAVAABBTreeBuildParams@12@AEAVNodeAllocator@12@AEAUBuildStats@12@AEAPEAI@Z 000000018002c2ab f   PhysXCommon_64:PhysXCommon_64.dll
 0001:0002b2b1       __imp_load_?writeDword@physx@@YAXI_NAEAVPxOutputStream@1@@Z 000000018002c2b1 f   PhysXCommon_64:PhysXCommon_64.dll
 0001:0002b2bd       ?writeDword@physx@@YAXI_NAEAVPxOutputStream@1@@Z 000000018002c2bd f   PhysXCommon_64:PhysXCommon_64.dll
 0001:0002b2c3       __imp_load_?writeFloatBuffer@physx@@YAXPEBMI_NAEAVPxOutputStream@1@@Z 000000018002c2c3 f   PhysXCommon_64:PhysXCommon_64.dll
 0001:0002b2cf       ?writeFloatBuffer@physx@@YAXPEBMI_NAEAVPxOutputStream@1@@Z 000000018002c2cf f   PhysXCommon_64:PhysXCommon_64.dll
 0001:0002b2d5       __imp_load_?writeHeader@physx@@YA_NCCCCI_NAEAVPxOutputStream@1@@Z 000000018002c2d5 f   PhysXCommon_64:PhysXCommon_64.dll
 0001:0002b2e1       ?writeHeader@physx@@YA_NCCCCI_NAEAVPxOutputStream@1@@Z 000000018002c2e1 f   PhysXCommon_64:PhysXCommon_64.dll
 0001:0002b2e7       __imp_load_?writeWord@physx@@YAXG_NAEAVPxOutputStream@1@@Z 000000018002c2e7 f   PhysXCommon_64:PhysXCommon_64.dll
 0001:0002b2f3       ?writeWord@physx@@YAXG_NAEAVPxOutputStream@1@@Z 000000018002c2f3 f   PhysXCommon_64:PhysXCommon_64.dll
 0001:0002b2f9       __imp_load_?writeFloat@physx@@YAXM_NAEAVPxOutputStream@1@@Z 000000018002c2f9 f   PhysXCommon_64:PhysXCommon_64.dll
 0001:0002b305       ?writeFloat@physx@@YAXM_NAEAVPxOutputStream@1@@Z 000000018002c305 f   PhysXCommon_64:PhysXCommon_64.dll
 0001:0002b30b       __imp_load_?computeBoundsAroundVertices@Gu@physx@@YAXAEAVPxBounds3@2@IPEIBVPxVec3@2@@Z 000000018002c30b f   PhysXCommon_64:PhysXCommon_64.dll
 0001:0002b317       ?computeBoundsAroundVertices@Gu@physx@@YAXAEAVPxBounds3@2@IPEIBVPxVec3@2@@Z 000000018002c317 f   PhysXCommon_64:PhysXCommon_64.dll
 0001:0002b31d       __imp_load_??0SourceMesh@Gu@physx@@QEAA@XZ 000000018002c31d f   PhysXCommon_64:PhysXCommon_64.dll
 0001:0002b329       ??0SourceMesh@Gu@physx@@QEAA@XZ 000000018002c329 f   PhysXCommon_64:PhysXCommon_64.dll
 0001:0002b32f       __imp_load_??1SourceMesh@Gu@physx@@QEAA@XZ 000000018002c32f f   PhysXCommon_64:PhysXCommon_64.dll
 0001:0002b33b       ??1SourceMesh@Gu@physx@@QEAA@XZ 000000018002c33b f   PhysXCommon_64:PhysXCommon_64.dll
 0001:0002b341       __imp_load_??0BV4Tree@Gu@physx@@QEAA@XZ 000000018002c341 f   PhysXCommon_64:PhysXCommon_64.dll
 0001:0002b34d       ??0BV4Tree@Gu@physx@@QEAA@XZ 000000018002c34d f   PhysXCommon_64:PhysXCommon_64.dll
 0001:0002b353       __imp_load_??1BV4Tree@Gu@physx@@QEAA@XZ 000000018002c353 f   PhysXCommon_64:PhysXCommon_64.dll
 0001:0002b35f       ??1BV4Tree@Gu@physx@@QEAA@XZ 000000018002c35f f   PhysXCommon_64:PhysXCommon_64.dll
 0001:0002b365       __imp_load_??0BV32Tree@Gu@physx@@QEAA@XZ 000000018002c365 f   PhysXCommon_64:PhysXCommon_64.dll
 0001:0002b371       ??0BV32Tree@Gu@physx@@QEAA@XZ 000000018002c371 f   PhysXCommon_64:PhysXCommon_64.dll
 0001:0002b377       __imp_load_??1BV32Tree@Gu@physx@@QEAA@XZ 000000018002c377 f   PhysXCommon_64:PhysXCommon_64.dll
 0001:0002b383       ??1BV32Tree@Gu@physx@@QEAA@XZ 000000018002c383 f   PhysXCommon_64:PhysXCommon_64.dll
 0001:0002b389       __imp_load_?writeWordBuffer@physx@@YAXPEBGI_NAEAVPxOutputStream@1@@Z 000000018002c389 f   PhysXCommon_64:PhysXCommon_64.dll
 0001:0002b395       ?writeWordBuffer@physx@@YAXPEBGI_NAEAVPxOutputStream@1@@Z 000000018002c395 f   PhysXCommon_64:PhysXCommon_64.dll
 0001:0002b39b       __imp_load_?computeMaxIndex@physx@@YAIPEBII@Z 000000018002c39b f   PhysXCommon_64:PhysXCommon_64.dll
 0001:0002b3a7       ?computeMaxIndex@physx@@YAIPEBII@Z 000000018002c3a7 f   PhysXCommon_64:PhysXCommon_64.dll
 0001:0002b3ad       __imp_load_?storeIndices@physx@@YAXIIPEBIAEAVPxOutputStream@1@_N@Z 000000018002c3ad f   PhysXCommon_64:PhysXCommon_64.dll
 0001:0002b3b9       ?storeIndices@physx@@YAXIIPEBIAEAVPxOutputStream@1@_N@Z 000000018002c3b9 f   PhysXCommon_64:PhysXCommon_64.dll
 0001:0002b3bf       __imp_load_?BuildBV4Ex@Gu@physx@@YA_NAEAVBV4Tree@12@AEAVSourceMesh@12@MI@Z 000000018002c3bf f   PhysXCommon_64:PhysXCommon_64.dll
 0001:0002b3cb       ?BuildBV4Ex@Gu@physx@@YA_NAEAVBV4Tree@12@AEAVSourceMesh@12@MI@Z 000000018002c3cb f   PhysXCommon_64:PhysXCommon_64.dll
 0001:0002b3d1       __imp_load_?BuildBV32Ex@Gu@physx@@YA_NAEAVBV32Tree@12@AEAVSourceMesh@12@MI@Z 000000018002c3d1 f   PhysXCommon_64:PhysXCommon_64.dll
 0001:0002b3dd       ?BuildBV32Ex@Gu@physx@@YA_NAEAVBV32Tree@12@AEAVSourceMesh@12@MI@Z 000000018002c3dd f   PhysXCommon_64:PhysXCommon_64.dll
 0001:0002b3e3       __imp_load_?computeMaxIndex@physx@@YAGPEBGI@Z 000000018002c3e3 f   PhysXCommon_64:PhysXCommon_64.dll
 0001:0002b3ef       ?computeMaxIndex@physx@@YAGPEBGI@Z 000000018002c3ef f   PhysXCommon_64:PhysXCommon_64.dll
 0001:0002b3f5       __imp_load_?WriteHeader@Gu@physx@@YA_NEEEEI_NAEAVPxOutputStream@2@@Z 000000018002c3f5 f   PhysXCommon_64:PhysXCommon_64.dll
 0001:0002b401       ?WriteHeader@Gu@physx@@YA_NEEEEI_NAEAVPxOutputStream@2@@Z 000000018002c401 f   PhysXCommon_64:PhysXCommon_64.dll
 0001:0002b407       __imp_load_?StoreIndices@Gu@physx@@YAXGIPEBGAEAVPxOutputStream@2@_N@Z 000000018002c407 f   PhysXCommon_64:PhysXCommon_64.dll
 0001:0002b413       ?StoreIndices@Gu@physx@@YAXGIPEBGAEAVPxOutputStream@2@_N@Z 000000018002c413 f   PhysXCommon_64:PhysXCommon_64.dll
 0001:0002b419       __imp_load_?CreateOffsets@BigConvexData@physx@@IEAAXXZ 000000018002c419 f   PhysXCommon_64:PhysXCommon_64.dll
 0001:0002b425       ?CreateOffsets@BigConvexData@physx@@IEAAXXZ 000000018002c425 f   PhysXCommon_64:PhysXCommon_64.dll
 0001:0002b42b       __imp_load_?computeOBBPoints@Gu@physx@@YAXPEIAVPxVec3@2@AEBV32@1111@Z 000000018002c42b f   PhysXCommon_64:PhysXCommon_64.dll
[...]
 0004:00001c68       $pdata$1$?deleteFacePoints@QuickHull@local@@IEAAXAEAUQuickHullFace@2@PEAU32@@Z 000000018003bc68     QuickHullConvexHullLib.obj
 0004:00001c74       $pdata$?resolveUnclaimedPoints@QuickHull@local@@IEAAXAEBV?$Array@PEAUQuickHullFace@local@@V?$ReflectionAllocator@PEAUQuickHullFace@local@@@shdfnd@physx@@@shdfnd@physx@@@Z 000000018003bc74     QuickHullConvexHullLib.obj
 0004:00001c80       $pdata$?postMergeHull@QuickHull@local@@IEAAXXZ 000000018003bc80     QuickHullConvexHullLib.obj
 0004:00001c8c       $pdata$4$?postMergeHull@QuickHull@local@@IEAAXXZ 000000018003bc8c     QuickHullConvexHullLib.obj
 0004:00001c98       $pdata$5$?postMergeHull@QuickHull@local@@IEAAXXZ 000000018003bc98     QuickHullConvexHullLib.obj
 0004:00001ca4       $pdata$6$?postMergeHull@QuickHull@local@@IEAAXXZ 000000018003bca4     QuickHullConvexHullLib.obj
 0004:00001cb0       $pdata$?canMergeFaces@QuickHull@local@@IEAA_NAEBUQuickHullHalfEdge@2@@Z 000000018003bcb0     QuickHullConvexHullLib.obj
 0004:00001cbc       $pdata$??_GQuickHullConvexHullLib@physx@@UEAAPEAXI@Z 000000018003bcbc     QuickHullConvexHullLib.obj
 0004:00001cc8       $pdata$??_GConvexHull@physx@@QEAAPEAXI@Z 000000018003bcc8     QuickHullConvexHullLib.obj
 0004:00001cd4       $pdata$?init@?$MemBlock@UQuickHullHalfEdge@local@@$0A@@local@@QEAAXI@Z 000000018003bcd4     QuickHullConvexHullLib.obj
 0004:00001ce0       $pdata$??1?$MemBlock@UQuickHullHalfEdge@local@@$0A@@local@@QEAA@XZ 000000018003bce0     QuickHullConvexHullLib.obj
 0004:00001cec       $pdata$0$??1?$MemBlock@UQuickHullHalfEdge@local@@$0A@@local@@QEAA@XZ 000000018003bcec     QuickHullConvexHullLib.obj
 0004:00001cf8       $pdata$1$??1?$MemBlock@UQuickHullHalfEdge@local@@$0A@@local@@QEAA@XZ 000000018003bcf8     QuickHullConvexHullLib.obj
 0004:00001d04       $pdata$2$??1?$MemBlock@UQuickHullHalfEdge@local@@$0A@@local@@QEAA@XZ 000000018003bd04     QuickHullConvexHullLib.obj
 0004:00001d10       $pdata$3$??1?$MemBlock@UQuickHullHalfEdge@local@@$0A@@local@@QEAA@XZ 000000018003bd10     QuickHullConvexHullLib.obj
 0004:00001d1c       $pdata$?getFreeItem@?$MemBlock@UQuickHullHalfEdge@local@@$0A@@local@@QEAAPEAUQuickHullHalfEdge@2@XZ 000000018003bd1c     QuickHullConvexHullLib.obj
 0004:00001d28       $pdata$?allocate@?$Array@PEAUQuickHullHalfEdge@local@@V?$ReflectionAllocator@PEAUQuickHullHalfEdge@local@@@shdfnd@physx@@@shdfnd@physx@@IEAAPEAPEAUQuickHullHalfEdge@local@@I@Z 000000018003bd28     QuickHullConvexHullLib.obj
 0004:00001d34       $pdata$1$?allocate@?$Array@PEAUQuickHullHalfEdge@local@@V?$ReflectionAllocator@PEAUQuickHullHalfEdge@local@@@shdfnd@physx@@@shdfnd@physx@@IEAAPEAPEAUQuickHullHalfEdge@local@@I@Z 000000018003bd34     QuickHullConvexHullLib.obj
 0004:00001d40       $pdata$3$?allocate@?$Array@PEAUQuickHullHalfEdge@local@@V?$ReflectionAllocator@PEAUQuickHullHalfEdge@local@@@shdfnd@physx@@@shdfnd@physx@@IEAAPEAPEAUQuickHullHalfEdge@local@@I@Z 000000018003bd40     QuickHullConvexHullLib.obj
 0004:00001d4c       $pdata$4$?allocate@?$Array@PEAUQuickHullHalfEdge@local@@V?$ReflectionAllocator@PEAUQuickHullHalfEdge@local@@@shdfnd@physx@@@shdfnd@physx@@IEAAPEAPEAUQuickHullHalfEdge@local@@I@Z 000000018003bd4c     QuickHullConvexHullLib.obj
 0004:00001d58       $pdata$?growAndPushBack@?$Array@PEAUQuickHullHalfEdge@local@@V?$ReflectionAllocator@PEAUQuickHullHalfEdge@local@@@shdfnd@physx@@@shdfnd@physx@@IEAAAEAPEAUQuickHullHalfEdge@local@@AEBQEAU45@@Z 000000018003bd58     QuickHullConvexHullLib.obj
 0004:00001d64       $pdata$?recreate@?$Array@PEAUQuickHullHalfEdge@local@@V?$ReflectionAllocator@PEAUQuickHullHalfEdge@local@@@shdfnd@physx@@@shdfnd@physx@@IEAAXI@Z 000000018003bd64     QuickHullConvexHullLib.obj
 0004:00001d70       $pdata$?init@?$MemBlock@UQuickHullFace@local@@$00@local@@QEAAXI@Z 000000018003bd70     QuickHullConvexHullLib.obj
 0004:00001d7c       $pdata$??1?$MemBlock@UQuickHullFace@local@@$00@local@@QEAA@XZ 000000018003bd7c     QuickHullConvexHullLib.obj
 0004:00001d88       $pdata$0$??1?$MemBlock@UQuickHullFace@local@@$00@local@@QEAA@XZ 000000018003bd88     QuickHullConvexHullLib.obj
 0004:00001d94       $pdata$1$??1?$MemBlock@UQuickHullFace@local@@$00@local@@QEAA@XZ 000000018003bd94     QuickHullConvexHullLib.obj
 0004:00001da0       $pdata$2$??1?$MemBlock@UQuickHullFace@local@@$00@local@@QEAA@XZ 000000018003bda0     QuickHullConvexHullLib.obj
 0004:00001dac       $pdata$3$??1?$MemBlock@UQuickHullFace@local@@$00@local@@QEAA@XZ 000000018003bdac     QuickHullConvexHullLib.obj
 0004:00001db8       $pdata$?getFreeItem@?$MemBlock@UQuickHullFace@local@@$00@local@@QEAAPEAUQuickHullFace@2@XZ 000000018003bdb8     QuickHullConvexHullLib.obj
 0004:00001dc4       $pdata$?allocate@?$Array@PEAUQuickHullFace@local@@V?$ReflectionAllocator@PEAUQuickHullFace@local@@@shdfnd@physx@@@shdfnd@physx@@IEAAPEAPEAUQuickHullFace@local@@I@Z 000000018003bdc4     QuickHullConvexHullLib.obj
 0004:00001dd0       $pdata$1$?allocate@?$Array@PEAUQuickHullFace@local@@V?$ReflectionAllocator@PEAUQuickHullFace@local@@@shdfnd@physx@@@shdfnd@physx@@IEAAPEAPEAUQuickHullFace@local@@I@Z 000000018003bdd0     QuickHullConvexHullLib.obj
 0004:00001ddc       $pdata$3$?allocate@?$Array@PEAUQuickHullFace@local@@V?$ReflectionAllocator@PEAUQuickHullFace@local@@@shdfnd@physx@@@shdfnd@physx@@IEAAPEAPEAUQuickHullFace@local@@I@Z 000000018003bddc     QuickHullConvexHullLib.obj
 0004:00001de8       $pdata$4$?allocate@?$Array@PEAUQuickHullFace@local@@V?$ReflectionAllocator@PEAUQuickHullFace@local@@@shdfnd@physx@@@shdfnd@physx@@IEAAPEAPEAUQuickHullFace@local@@I@Z 000000018003bde8     QuickHullConvexHullLib.obj
 0004:00001df4       $pdata$?growAndPushBack@?$Array@PEAUQuickHullFace@local@@V?$ReflectionAllocator@PEAUQuickHullFace@local@@@shdfnd@physx@@@shdfnd@physx@@IEAAAEAPEAUQuickHullFace@local@@AEBQEAU45@@Z 000000018003bdf4     QuickHullConvexHullLib.obj
 0004:00001e00       $pdata$?recreate@?$Array@PEAUQuickHullFace@local@@V?$ReflectionAllocator@PEAUQuickHullFace@local@@@shdfnd@physx@@@shdfnd@physx@@IEAAXI@Z 000000018003be00     QuickHullConvexHullLib.obj
 0004:00001e0c       $pdata$?allocate@?$Array@PEAUQuickHullVertex@local@@V?$ReflectionAllocator@PEAUQuickHullVertex@local@@@shdfnd@physx@@@shdfnd@physx@@IEAAPEAPEAUQuickHullVertex@local@@I@Z 000000018003be0c     QuickHullConvexHullLib.obj
 0004:00001e18       $pdata$1$?allocate@?$Array@PEAUQuickHullVertex@local@@V?$ReflectionAllocator@PEAUQuickHullVertex@local@@@shdfnd@physx@@@shdfnd@physx@@IEAAPEAPEAUQuickHullVertex@local@@I@Z 000000018003be18     QuickHullConvexHullLib.obj
 0004:00001e24       $pdata$3$?allocate@?$Array@PEAUQuickHullVertex@local@@V?$ReflectionAllocator@PEAUQuickHullVertex@local@@@shdfnd@physx@@@shdfnd@physx@@IEAAPEAPEAUQuickHullVertex@local@@I@Z 000000018003be24     QuickHullConvexHullLib.obj
 0004:00001e30       $pdata$4$?allocate@?$Array@PEAUQuickHullVertex@local@@V?$ReflectionAllocator@PEAUQuickHullVertex@local@@@shdfnd@physx@@@shdfnd@physx@@IEAAPEAPEAUQuickHullVertex@local@@I@Z 000000018003be30     QuickHullConvexHullLib.obj
 0004:00001e3c       $pdata$?growAndPushBack@?$Array@PEAUQuickHullVertex@local@@V?$ReflectionAllocator@PEAUQuickHullVertex@local@@@shdfnd@physx@@@shdfnd@physx@@IEAAAEAPEAUQuickHullVertex@local@@AEBQEAU45@@Z 000000018003be3c     QuickHullConvexHullLib.obj
 0004:00001e48       $pdata$?recreate@?$Array@PEAUQuickHullVertex@local@@V?$ReflectionAllocator@PEAUQuickHullVertex@local@@@shdfnd@physx@@@shdfnd@physx@@IEAAXI@Z 000000018003be48     QuickHullConvexHullLib.obj
 0004:00001e54       $pdata$?allocate@?$Array@UExpandPoint@local@@V?$ReflectionAllocator@UExpandPoint@local@@@shdfnd@physx@@@shdfnd@physx@@IEAAPEAUExpandPoint@local@@I@Z 000000018003be54     QuickHullConvexHullLib.obj
 0004:00001e60       $pdata$1$?allocate@?$Array@UExpandPoint@local@@V?$ReflectionAllocator@UExpandPoint@local@@@shdfnd@physx@@@shdfnd@physx@@IEAAPEAUExpandPoint@local@@I@Z 000000018003be60     QuickHullConvexHullLib.obj
 0004:00001e6c       $pdata$3$?allocate@?$Array@UExpandPoint@local@@V?$ReflectionAllocator@UExpandPoint@local@@@shdfnd@physx@@@shdfnd@physx@@IEAAPEAUExpandPoint@local@@I@Z 000000018003be6c     QuickHullConvexHullLib.obj
 0004:00001e78       $pdata$4$?allocate@?$Array@UExpandPoint@local@@V?$ReflectionAllocator@UExpandPoint@local@@@shdfnd@physx@@@shdfnd@physx@@IEAAPEAUExpandPoint@local@@I@Z 000000018003be78     QuickHullConvexHullLib.obj
 0004:00001e84       $pdata$?growAndPushBack@?$Array@UExpandPoint@local@@V?$ReflectionAllocator@UExpandPoint@local@@@shdfnd@physx@@@shdfnd@physx@@IEAAAEAUExpandPoint@local@@AEBU45@@Z 000000018003be84     QuickHullConvexHullLib.obj
 0004:00001e90       $pdata$?recreate@?$Array@UExpandPoint@local@@V?$ReflectionAllocator@UExpandPoint@local@@@shdfnd@physx@@@shdfnd@physx@@IEAAXI@Z 000000018003be90     QuickHullConvexHullLib.obj
 0004:00001e9c       $pdata$?computeVolumeIntegrals@physx@@YA_NAEBVPxSimpleTriangleMesh@1@MAEAUPxIntegrals@1@@Z 000000018003be9c     VolumeIntegration.obj
 0004:00001ea8       $pdata$?computeVolumeIntegralsEberly@physx@@YA_NAEBVPxConvexMeshDesc@1@MAEAUPxIntegrals@1@AEBVPxVec3@1@@Z 000000018003bea8     VolumeIntegration.obj
 0004:00001eb4       $pdata$?computeVolumeIntegralsEberlySIMD@physx@@YA_NAEBVPxConvexMeshDesc@1@MAEAUPxIntegrals@1@AEBVPxVec3@1@@Z 000000018003beb4     VolumeIntegration.obj
 0004:00001ec0       $pdata$?computeVolumeIntegrals@VolumeIntegrator@?A0xdc29968f@physx@@QEAA_NAEAUPxIntegrals@3@@Z 000000018003bec0     VolumeIntegration.obj
 0004:00001ecc       $pdata$?computeProjectionIntegrals@VolumeIntegrator@?A0xdc29968f@physx@@AEAAXAEBUFace@123@@Z 000000018003becc     VolumeIntegration.obj
 0004:00001ed8       $pdata$?computeFaceIntegrals@VolumeIntegrator@?A0xdc29968f@physx@@AEAAXAEBUFace@123@@Z 000000018003bed8     VolumeIntegration.obj
 0004:00001ee4       $pdata$?computeVolumeIntegralsSIMD@VolumeIntegratorEberly@?A0xdc29968f@physx@@QEAA_NAEAUPxIntegrals@3@AEBVPxVec3@3@@Z 000000018003bee4     VolumeIntegration.obj
 0004:00001ef0       $pdata$0$?computeVolumeIntegralsSIMD@VolumeIntegratorEberly@?A0xdc29968f@physx@@QEAA_NAEAUPxIntegrals@3@AEBVPxVec3@3@@Z 000000018003bef0     VolumeIntegration.obj
 0004:00001efc       $pdata$2$?computeVolumeIntegralsSIMD@VolumeIntegratorEberly@?A0xdc29968f@physx@@QEAA_NAEAUPxIntegrals@3@AEBVPxVec3@3@@Z 000000018003befc     VolumeIntegration.obj
 0004:00001f08       $pdata$3$?computeVolumeIntegralsSIMD@VolumeIntegratorEberly@?A0xdc29968f@physx@@QEAA_NAEAUPxIntegrals@3@AEBVPxVec3@3@@Z 000000018003bf08     VolumeIntegration.obj
 0004:00001f14       $pdata$4$?computeVolumeIntegralsSIMD@VolumeIntegratorEberly@?A0xdc29968f@physx@@QEAA_NAEAUPxIntegrals@3@AEBVPxVec3@3@@Z 000000018003bf14     VolumeIntegration.obj
 0004:00001f20       $pdata$?computeVolumeIntegrals@VolumeIntegratorEberly@?A0xdc29968f@physx@@QEAA_NAEAUPxIntegrals@3@AEBVPxVec3@3@@Z 000000018003bf20     VolumeIntegration.obj
 0004:00001f2c       $pdata$0$?computeVolumeIntegrals@VolumeIntegratorEberly@?A0xdc29968f@physx@@QEAA_NAEAUPxIntegrals@3@AEBVPxVec3@3@@Z 000000018003bf2c     VolumeIntegration.obj
 0004:00001f38       $pdata$6$?computeVolumeIntegrals@VolumeIntegratorEberly@?A0xdc29968f@physx@@QEAA_NAEAUPxIntegrals@3@AEBVPxVec3@3@@Z 000000018003bf38     VolumeIntegration.obj
 0004:00001f44       $pdata$7$?computeVolumeIntegrals@VolumeIntegratorEberly@?A0xdc29968f@physx@@QEAA_NAEAUPxIntegrals@3@AEBVPxVec3@3@@Z 000000018003bf44     VolumeIntegration.obj
 0004:00001f50       $pdata$8$?computeVolumeIntegrals@VolumeIntegratorEberly@?A0xdc29968f@physx@@QEAA_NAEAUPxIntegrals@3@AEBVPxVec3@3@@Z 000000018003bf50     VolumeIntegration.obj
 0004:00001f5c       $pdata$?delayHook@@YAP6A_JXZIPEAUDelayLoadInfo@@@Z 000000018003bf5c     WindowsCookingDelayLoadHook.obj
 0004:00001f68       $pdata$1$?delayHook@@YAP6A_JXZIPEAUDelayLoadInfo@@@Z 000000018003bf68     WindowsCookingDelayLoadHook.obj
 0004:00001f74       $pdata$3$?delayHook@@YAP6A_JXZIPEAUDelayLoadInfo@@@Z 000000018003bf74     WindowsCookingDelayLoadHook.obj
 0004:00001f80       $pdata$5$?delayHook@@YAP6A_JXZIPEAUDelayLoadInfo@@@Z 000000018003bf80     WindowsCookingDelayLoadHook.obj
 0004:00001f8c       $pdata$6$?delayHook@@YAP6A_JXZIPEAUDelayLoadInfo@@@Z 000000018003bf8c     WindowsCookingDelayLoadHook.obj
 0004:00001fb0       $pdata$__FUnloadDelayLoadedDLL2 000000018003bfb0     Delayimp:delayhlp.obj
 0004:00001fbc       $pdata$__HrLoadAllImportsForDll 000000018003bfbc     Delayimp:delayhlp.obj
 0004:00001fc8       $pdata$?DloadGetSRWLockFunctionPointers@@YAEXZ 000000018003bfc8     Delayimp:delayhlp.obj
 0004:00001fd4       $pdata$?DloadLock@@YAXXZ   000000018003bfd4     Delayimp:delayhlp.obj
 0004:00001fe0       $pdata$?DloadUnlock@@YAXXZ 000000018003bfe0     Delayimp:delayhlp.obj
 0004:00001fec       $pdata$?DloadObtainSection@@YAPEAXPEAK0@Z 000000018003bfec     Delayimp:delayhlp.obj
 0004:00001ff8       $pdata$?DloadMakePermanentImageCommit@@YAXPEAX_K@Z 000000018003bff8     Delayimp:delayhlp.obj
 0004:00002004       $pdata$?DloadProtectSection@@YAXKPEAK@Z 000000018003c004     Delayimp:delayhlp.obj
 0004:00002010       $pdata$?DloadAcquireSectionWriteAccess@@YAXXZ 000000018003c010     Delayimp:delayhlp.obj
 0004:0000201c       $pdata$?DloadReleaseSectionWriteAccess@@YAXXZ 000000018003c01c     Delayimp:delayhlp.obj
 0004:00002028       $pdata$?PiddFromDllName@@YAPEBUImgDelayDescr@@PEBD@Z 000000018003c028     Delayimp:delayhlp.obj
 0004:00002034       $pdata$__delayLoadHelper2  000000018003c034     Delayimp:delayhlp.obj
 0004:00002040       $pdata$??_Gtype_info@@UEAAPEAXI@Z 000000018003c040     MSVCRT:std_type_info_static.obj
 0004:00002058       $pdata$?dllmain_crt_process_attach@@YAHQEAUHINSTANCE__@@QEAX@Z 000000018003c058     MSVCRT:dll_dllmain.obj
 0004:00002064       $pdata$?fin$0@?0??dllmain_crt_process_attach@@YAHQEAUHINSTANCE__@@QEAX@Z@4HA 000000018003c064     MSVCRT:dll_dllmain.obj
 0004:00002070       $pdata$?dllmain_crt_process_detach@@YAH_N@Z 000000018003c070     MSVCRT:dll_dllmain.obj
 0004:0000207c       $pdata$?fin$0@?0??dllmain_crt_process_detach@@YAH_N@Z@4HA 000000018003c07c     MSVCRT:dll_dllmain.obj
 0004:00002088       $pdata$?dllmain_crt_dispatch@@YAHQEAUHINSTANCE__@@KQEAX@Z 000000018003c088     MSVCRT:dll_dllmain.obj
 0004:00002094       $pdata$?dllmain_dispatch@@YAHQEAUHINSTANCE__@@KQEAX@Z 000000018003c094     MSVCRT:dll_dllmain.obj
 0004:000020a0       $pdata$?filt$0@?0??dllmain_dispatch@@YAHQEAUHINSTANCE__@@KQEAX@Z@4HA 000000018003c0a0     MSVCRT:dll_dllmain.obj
 0004:000020ac       $pdata$_DllMainCRTStartup  000000018003c0ac     MSVCRT:dll_dllmain.obj
 0004:000020c4       $pdata$__security_init_cookie 000000018003c0c4     MSVCRT:gs_support.obj
 0004:000020d0       $pdata$__get_entropy       000000018003c0d0     MSVCRT:gs_support.obj
 0004:000020dc       $pdata$DllMain             000000018003c0dc     MSVCRT:dll_dllmain_stub.obj
 0004:000020e8       $pdata$__scrt_initialize_default_local_stdio_options 000000018003c0e8     MSVCRT:default_local_stdio_options.obj
 0004:000020f4       $pdata$atexit              000000018003c0f4     MSVCRT:utility.obj
 0004:00002100       $pdata$_onexit             000000018003c100     MSVCRT:utility.obj
 0004:0000210c       $pdata$__scrt_is_nonwritable_in_current_image 000000018003c10c     MSVCRT:utility.obj
 0004:00002118       $pdata$__scrt_is_nonwritable_in_current_image$filt$0 000000018003c118     MSVCRT:utility.obj
 0004:00002124       $pdata$__scrt_acquire_startup_lock 000000018003c124     MSVCRT:utility.obj
 0004:00002130       $pdata$__scrt_release_startup_lock 000000018003c130     MSVCRT:utility.obj
 0004:0000213c       $pdata$__scrt_initialize_crt 000000018003c13c     MSVCRT:utility.obj
 0004:00002148       $pdata$__scrt_uninitialize_crt 000000018003c148     MSVCRT:utility.obj
 0004:00002154       $pdata$__scrt_initialize_onexit_tables 000000018003c154     MSVCRT:utility.obj
 0004:00002160       $pdata$__scrt_dllmain_exception_filter 000000018003c160     MSVCRT:utility.obj
 0004:0000216c       $pdata$__scrt_dllmain_before_initialize_c 000000018003c16c     MSVCRT:utility.obj
 0004:00002178       $pdata$__scrt_dllmain_after_initialize_c 000000018003c178     MSVCRT:utility.obj
 0004:00002184       $pdata$__scrt_dllmain_uninitialize_c 000000018003c184     MSVCRT:utility.obj
 0004:00002190       $pdata$__scrt_dllmain_uninitialize_critical 000000018003c190     MSVCRT:utility.obj
 0004:0000219c       $pdata$__scrt_dllmain_crt_thread_attach 000000018003c19c     MSVCRT:utility.obj
 0004:000021a8       $pdata$__scrt_dllmain_crt_thread_detach 000000018003c1a8     MSVCRT:utility.obj
 0004:000021b4       $pdata$?configure_argv@__scrt_narrow_argv_policy@@SAHXZ 000000018003c1b4     MSVCRT:utility.obj
 0004:000021c0       $pdata$__scrt_get_show_window_mode 000000018003c1c0     MSVCRT:utility_desktop.obj
 0004:000021cc       $pdata$__scrt_is_managed_app 000000018003c1cc     MSVCRT:utility_desktop.obj
 0004:000021d8       $pdata$__scrt_fastfail     000000018003c1d8     MSVCRT:utility_desktop.obj
 0004:000021e4       $pdata$__scrt_unhandled_exception_filter 000000018003c1e4     MSVCRT:utility_desktop.obj
 0004:000021f0       $pdata$_RTC_Initialize     000000018003c1f0     MSVCRT:initsect.obj
 0004:000021fc       $pdata$_RTC_Terminate      000000018003c1fc     MSVCRT:initsect.obj
 0004:00002214       $pdata$__isa_available_init 000000018003c214     MSVCRT:cpu_disp.obj
 0005:00000000       __spec_table               000000018003d000     MSVCRT:svml_ssinf4_sse2.obj
 0005:00000560       MMSA7                      000000018003d560     MSVCRT:svml_ssinf4_sse2.obj
 0005:00000570       MMSA3                      000000018003d570     MSVCRT:svml_ssinf4_sse2.obj
 0005:00000580       MMSA5                      000000018003d580     MSVCRT:svml_ssinf4_sse2.obj
 0005:00000590       MMSA9                      000000018003d590     MSVCRT:svml_ssinf4_sse2.obj
 0005:000005a0       MMSPI3                     000000018003d5a0     MSVCRT:svml_ssinf4_sse2.obj
 0005:000005b0       MMSPI4                     000000018003d5b0     MSVCRT:svml_ssinf4_sse2.obj
 0005:000005c0       MMSPI2                     000000018003d5c0     MSVCRT:svml_ssinf4_sse2.obj
 0005:000005d0       MMSPI1                     000000018003d5d0     MSVCRT:svml_ssinf4_sse2.obj
 0005:000005e0       MMIHUGE                    000000018003d5e0     MSVCRT:svml_ssinf4_sse2.obj
 0005:000005f0       MMSINVPI                   000000018003d5f0     MSVCRT:svml_ssinf4_sse2.obj
 0005:00000600       MMIABSMASK                 000000018003d600     MSVCRT:svml_ssinf4_sse2.obj
 0005:00000610       dbSignMask                 000000018003d610     MSVCRT:svml_ssinf4_sse2.obj
 0005:00000620       PI02C_4                    000000018003d620     MSVCRT:svml_ssinf4_sse2.obj
 0005:00000630       PI02C_3                    000000018003d630     MSVCRT:svml_ssinf4_sse2.obj
 0005:00000640       PI02C_2                    000000018003d640     MSVCRT:svml_ssinf4_sse2.obj
 0005:00000650       PI02C_1                    000000018003d650     MSVCRT:svml_ssinf4_sse2.obj
 0005:00000660       PI02C_0                    000000018003d660     MSVCRT:svml_ssinf4_sse2.obj
 0005:00000670       dbRS                       000000018003d670     MSVCRT:svml_ssinf4_sse2.obj
 0005:00000680       MSK_LOW_BIT                000000018003d680     MSVCRT:svml_ssinf4_sse2.obj
 0005:00000690       dbiOne                     000000018003d690     MSVCRT:svml_ssinf4_sse2.obj
 0005:000006a0       dbInvPio2                  000000018003d6a0     MSVCRT:svml_ssinf4_sse2.obj
 0005:000006b0       flAllOnes                  000000018003d6b0     MSVCRT:svml_ssinf4_sse2.obj
 0005:000006c0       flTwoPow30                 000000018003d6c0     MSVCRT:svml_ssinf4_sse2.obj
 0005:000006d0       MMISIGNMASK                000000018003d6d0     MSVCRT:svml_ssinf4_sse2.obj
 0006:000000a0       $R000000                   000000018003e0a0     PhysXCooking.res
 0006:000003d0       $R000330                   000000018003e3d0     PhysXCooking.res
